2026-09-10 04:01:27,373 INFO    MainThread:58 [wandb_init.py:setup_run_log_directory():723] Logging user logs to /kaggle/working/wandb/run-20260910_040127-4x4kmuee/logs/debug.log
2026-09-10 04:01:27,373 INFO    MainThread:58 [wandb_init.py:setup_run_log_directory():724] Logging internal logs to /kaggle/working/wandb/run-20260910_040127-4x4kmuee/logs/debug-internal.log
2026-09-10 04:01:27,374 INFO    MainThread:58 [wandb_init.py:monkeypatch_ipython():642] configuring jupyter hooks <wandb.sdk.wandb_init._WandbInit object at 0x795f903a0140>
2026-09-10 04:01:27,374 INFO    MainThread:58 [wandb_init.py:init():850] calling init triggers
2026-09-10 04:01:27,375 INFO    MainThread:58 [wandb_init.py:init():855] wandb.init called with sweep_config: {}
config: {'model': 'yolov8n', 'epochs': 50, 'imgsz': 640, 'batch': 32, 'seed': 42, 'mosaic': 1.0, 'mixup': 0.1, '_wandb': {}}
2026-09-10 04:01:27,375 INFO    MainThread:58 [wandb_init.py:init():898] starting backend
2026-09-10 04:01:27,375 INFO    MainThread:58 [wandb_init.py:init():913] sending inform_init request
2026-09-10 04:01:27,596 INFO    MainThread:58 [wandb_init.py:init():918] backend started and connected
2026-09-10 04:01:27,606 INFO    MainThread:58 [wandb_run.py:_label_probe_notebook():1345] probe notebook
2026-09-10 04:01:33,292 INFO    MainThread:58 [wandb_init.py:init():988] updated telemetry
2026-09-10 04:01:33,293 INFO    MainThread:58 [wandb_init.py:init():1011] communicating run to backend with 90.0 second timeout
2026-09-10 04:01:33,994 INFO    MainThread:58 [wandb_init.py:init():1056] starting run threads in backend
2026-09-10 04:01:34,673 INFO    MainThread:58 [wandb_run.py:_console_start():2554] atexit reg
2026-09-10 04:01:34,673 INFO    MainThread:58 [wandb_run.py:_redirect():2403] redirect: wrap_raw
2026-09-10 04:01:34,674 INFO    MainThread:58 [wandb_run.py:_redirect():2472] Wrapping output streams.
2026-09-10 04:01:34,674 INFO    MainThread:58 [wandb_run.py:_redirect():2495] Redirects installed.
2026-09-10 04:01:34,675 INFO    MainThread:58 [wandb_init.py:init():1094] run started, returning control to user process
2026-09-10 04:01:34,709 INFO    MainThread:58 [wandb_run.py:_finish():2321] finishing run traincolab20-fpt-university/basketball-player-detection-with-yolov8n/4x4kmuee
2026-09-10 04:01:34,709 INFO    MainThread:58 [jupyter.py:save_history():435] not saving jupyter history
2026-09-10 04:01:34,709 INFO    MainThread:58 [jupyter.py:save_ipynb():362] not saving jupyter notebook
2026-09-10 04:01:34,709 INFO    MainThread:58 [wandb_init.py:_jupyter_teardown():627] cleaning up jupyter logic
2026-09-10 04:01:34,709 INFO    MainThread:58 [wandb_run.py:_atexit_cleanup():2520] got exitcode: 0
2026-09-10 04:01:34,710 INFO    MainThread:58 [wandb_run.py:_restore():2502] restore
2026-09-10 04:01:34,710 INFO    MainThread:58 [wandb_run.py:_restore():2508] restore done
2026-09-10 04:01:35,515 INFO    MainThread:58 [wandb_run.py:_footer_sync_info():3889] logging synced files
