2026-09-10 03:56:19,427 INFO    MainThread:58 [wandb_setup.py:_flush():81] Current SDK version is 0.26.1
2026-09-10 03:56:19,427 INFO    MainThread:58 [wandb_setup.py:_flush():81] Configure stats pid to 58
2026-09-10 03:56:19,427 INFO    MainThread:58 [wandb_setup.py:_flush():81] Loading settings from environment variables
2026-09-10 03:56:19,427 INFO    MainThread:58 [wandb_init.py:setup_run_log_directory():723] Logging user logs to /kaggle/working/wandb/run-20260910_035619-pjgnurp2/logs/debug.log
2026-09-10 03:56:19,427 INFO    MainThread:58 [wandb_init.py:setup_run_log_directory():724] Logging internal logs to /kaggle/working/wandb/run-20260910_035619-pjgnurp2/logs/debug-internal.log
2026-09-10 03:56:19,427 INFO    MainThread:58 [wandb_init.py:monkeypatch_ipython():642] configuring jupyter hooks <wandb.sdk.wandb_init._WandbInit object at 0x7961baf09610>
2026-09-10 03:56:19,428 INFO    MainThread:58 [wandb_init.py:init():850] calling init triggers
2026-09-10 03:56:19,428 INFO    MainThread:58 [wandb_init.py:init():855] wandb.init called with sweep_config: {}
config: {'model': 'yolov8n', 'epochs': 50, 'imgsz': 640, 'batch': 32, 'seed': 42, 'mosaic': 1.0, 'mixup': 0.1, '_wandb': {}}
2026-09-10 03:56:19,428 INFO    MainThread:58 [wandb_init.py:init():898] starting backend
2026-09-10 03:56:19,983 INFO    MainThread:58 [wandb_init.py:init():913] sending inform_init request
2026-09-10 03:56:20,463 INFO    MainThread:58 [wandb_init.py:init():918] backend started and connected
2026-09-10 03:56:20,470 INFO    MainThread:58 [wandb_run.py:_label_probe_notebook():1345] probe notebook
2026-09-10 03:56:25,618 INFO    MainThread:58 [wandb_init.py:init():988] updated telemetry
2026-09-10 03:56:25,849 INFO    MainThread:58 [wandb_init.py:init():1011] communicating run to backend with 90.0 second timeout
2026-09-10 03:56:26,178 INFO    MainThread:58 [wandb_init.py:init():1056] starting run threads in backend
2026-09-10 03:56:26,886 INFO    MainThread:58 [wandb_run.py:_console_start():2554] atexit reg
2026-09-10 03:56:26,886 INFO    MainThread:58 [wandb_run.py:_redirect():2403] redirect: wrap_raw
2026-09-10 03:56:26,886 INFO    MainThread:58 [wandb_run.py:_redirect():2472] Wrapping output streams.
2026-09-10 03:56:26,887 INFO    MainThread:58 [wandb_run.py:_redirect():2495] Redirects installed.
2026-09-10 03:56:26,900 INFO    MainThread:58 [wandb_init.py:init():1094] run started, returning control to user process
2026-09-10 04:01:18,886 INFO    MainThread:58 [wandb_run.py:_finish():2321] finishing run traincolab20-fpt-university/basketball-player-detection/pjgnurp2
2026-09-10 04:01:18,887 INFO    MainThread:58 [jupyter.py:save_history():435] not saving jupyter history
2026-09-10 04:01:18,887 INFO    MainThread:58 [jupyter.py:save_ipynb():362] not saving jupyter notebook
2026-09-10 04:01:18,887 INFO    MainThread:58 [wandb_init.py:_jupyter_teardown():627] cleaning up jupyter logic
2026-09-10 04:01:18,887 INFO    MainThread:58 [wandb_run.py:_atexit_cleanup():2520] got exitcode: 0
2026-09-10 04:01:18,888 INFO    MainThread:58 [wandb_run.py:_restore():2502] restore
2026-09-10 04:01:18,888 INFO    MainThread:58 [wandb_run.py:_restore():2508] restore done
2026-09-10 04:01:19,689 INFO    MainThread:58 [wandb_run.py:_footer_sync_info():3889] logging synced files
