[KDownloading https://github.com/ultralytics/assets/releases/download/v8.4.0/rtdetr-l.pt to 'rtdetr-l.pt': 100% ━━━━━━━━━━━━ 63.4MB 162.0MB/s 0.4s0.3s<0.1s
Ultralytics 8.4.146 🚀 Python-3.12.13 torch-2.10.0+cu128 CUDA:0 (Tesla T4, 14912MiB)
[34m[1mengine/trainer: [0magnostic_nms=False, amp=True, angle=1.0, augment=False, auto_augment=randaugment, batch=16, bgr=0.0, box=7.5, cache=False, cfg=None, channels_last=None, classes=None, close_mosaic=10, cls=0.5, cls_pw=0.0, cls_remap=True, compile=False, conf=None, copy_paste=0.0, copy_paste_mode=flip, cos_lr=False, cutmix=0.0, data=/kaggle/working/basketball_dataset/data.yaml, degrees=10.0, deterministic=True, device=0, dfl=1.5, dgrad=0.5, dis=6.0, distill_model=None, dlam=1.0, dlog=1.0, dnn=False, dropout=0.0, dynamic=False, embed=None, epochs=50, erasing=0.4, exist_ok=False, fliplr=0.0, flipud=0.0, format=torchscript, fraction=1.0, freeze=None, hsv_h=0.015, hsv_s=0.7, hsv_v=0.4, imgsz=640, iou=0.7, keras=False, kobj=1.0, line_width=None, lr0=0.01, lrf=0.01, mask_ratio=4, max_det=300, mixup=0.1, mode=train, model=rtdetr-l.pt, momentum=0.937, mosaic=1.0, multi_scale=0.0, name=rtdetr-l_player_detector, nbs=64, nms=None, opset=None, optimize=False, optimizer=auto, overlap_mask=True, patience=15, perspective=0.0, plots=True, pose=12.0, pretrained=True, profile=False, project=basketball_detection, quantize=None, rect=False, resume=False, retina_masks=False, rle=1.0, save=True, save_conf=False, save_crop=False, save_dir=/kaggle/working/runs/detect/basketball_detection/rtdetr-l_player_detector, save_frames=False, save_json=False, save_period=-1, save_txt=False, scale=0.5, seed=42, shear=0.0, show=False, show_boxes=True, show_conf=True, show_labels=True, simplify=True, single_cls=False, source=None, split=val, stream_buffer=False, task=detect, time=None, tracker=tracktrack.yaml, translate=0.1, val=True, verbose=True, vid_stride=1, visualize=False, warmup_bias_lr=0.1, warmup_epochs=3.0, warmup_momentum=0.8, weight_decay=0.0005, workers=8, workspace=None
[KDownloading https://ultralytics.com/assets/Arial.ttf to '/root/.config/Ultralytics/Arial.ttf': 100% ━━━━━━━━━━━━ 755.1KB 9.9MB/s 0.1s
Overriding model.yaml nc=80 with nc=10
WARNING ⚠️ no model scale passed. Assuming scale='l'.

                   from  n    params  module                                       arguments
  0                  -1  1     25248  ultralytics.nn.modules.block.HGStem          [3, 32, 48]
  1                  -1  6    155072  ultralytics.nn.modules.block.HGBlock         [48, 48, 128, 3, 6]
  2                  -1  1      1408  ultralytics.nn.modules.conv.DWConv           [128, 128, 3, 2, 1, False]
  3                  -1  6    839296  ultralytics.nn.modules.block.HGBlock         [128, 96, 512, 3, 6]
  4                  -1  1      5632  ultralytics.nn.modules.conv.DWConv           [512, 512, 3, 2, 1, False]
  5                  -1  6   1695360  ultralytics.nn.modules.block.HGBlock         [512, 192, 1024, 5, 6, True, False]
  6                  -1  6   2055808  ultralytics.nn.modules.block.HGBlock         [1024, 192, 1024, 5, 6, True, True]
  7                  -1  6   2055808  ultralytics.nn.modules.block.HGBlock         [1024, 192, 1024, 5, 6, True, True]
  8                  -1  1     11264  ultralytics.nn.modules.conv.DWConv           [1024, 1024, 3, 2, 1, False]
  9                  -1  6   6708480  ultralytics.nn.modules.block.HGBlock         [1024, 384, 2048, 5, 6, True, False]
 10                  -1  1    524800  ultralytics.nn.modules.conv.Conv             [2048, 256, 1, 1, None, 1, 1, False]
 11                  -1  1    789760  ultralytics.nn.modules.transformer.AIFI      [256, 1024, 8]
 12                  -1  1     66048  ultralytics.nn.modules.conv.Conv             [256, 256, 1, 1]
 13                  -1  1         0  torch.nn.modules.upsampling.Upsample         [None, 2, 'nearest']
 14                   7  1    262656  ultralytics.nn.modules.conv.Conv             [1024, 256, 1, 1, None, 1, 1, False]
 15            [-2, -1]  1         0  ultralytics.nn.modules.conv.Concat           [1]
 16                  -1  3   2232320  ultralytics.nn.modules.block.RepC3           [512, 256, 3]
 17                  -1  1     66048  ultralytics.nn.modules.conv.Conv             [256, 256, 1, 1]
 18                  -1  1         0  torch.nn.modules.upsampling.Upsample         [None, 2, 'nearest']
 19                   3  1    131584  ultralytics.nn.modules.conv.Conv             [512, 256, 1, 1, None, 1, 1, False]
 20            [-2, -1]  1         0  ultralytics.nn.modules.conv.Concat           [1]
 21                  -1  3   2232320  ultralytics.nn.modules.block.RepC3           [512, 256, 3]
 22                  -1  1    590336  ultralytics.nn.modules.conv.Conv             [256, 256, 3, 2]
 23            [-1, 17]  1         0  ultralytics.nn.modules.conv.Concat           [1]
 24                  -1  3   2232320  ultralytics.nn.modules.block.RepC3           [512, 256, 3]
 25                  -1  1    590336  ultralytics.nn.modules.conv.Conv             [256, 256, 3, 2]
 26            [-1, 12]  1         0  ultralytics.nn.modules.conv.Concat           [1]
 27                  -1  3   2232320  ultralytics.nn.modules.block.RepC3           [512, 256, 3]
 28        [21, 24, 27]  1   7322402  ultralytics.nn.modules.head.RTDETRDecoder    [10, [256, 256, 256]]
rt-detr-l summary: 470 layers, 32,826,626 parameters, 32,826,626 gradients, 109.9 GFLOPs

Transferred 926/941 items from pretrained weights
[34m[1mAMP: [0mrunning Automatic Mixed Precision (AMP) checks...
[34m[1mAMP: [0mdownloading yolo26n.pt for AMP checks (one-time, not used for training)...
[KDownloading https://github.com/ultralytics/assets/releases/download/v8.4.0/yolo26n.pt to 'weights/yolo26n.pt': 100% ━━━━━━━━━━━━ 5.3MB 66.3MB/s 0.1s
[34m[1mAMP: [0mchecks passed ✅
[34m[1mtrain: [0mFast image access ✅ (ping: 0.0±0.0 ms, read: 2891.0±456.2 MB/s, size: 246.7 KB)
[K[34m[1mtrain: [0mScanning /kaggle/working/basketball_dataset/train/labels... 464 images, 0 backgrounds, 0 corrupt: 100% ━━━━━━━━━━━━ 464/464 1.2Kit/s 0.4s<0.1s
[34m[1mtrain: [0mNew cache created: /kaggle/working/basketball_dataset/train/labels.cache
[34m[1malbumentations: [0mBlur(p=0.01, blur_limit=(3, 7)), MedianBlur(p=0.01, blur_limit=(3, 7)), ToGray(p=0.01, method='weighted_average', num_output_channels=3), CLAHE(p=0.01, clip_limit=(1.0, 4.0), tile_grid_size=(8, 8))
[34m[1mval: [0mFast image access ✅ (ping: 0.0±0.0 ms, read: 1242.3±950.0 MB/s, size: 264.2 KB)
[K[34m[1mval: [0mScanning /kaggle/working/basketball_dataset/valid/labels... 96 images, 0 backgrounds, 0 corrupt: 100% ━━━━━━━━━━━━ 96/96 1.1Kit/s 0.1s
[34m[1mval: [0mNew cache created: /kaggle/working/basketball_dataset/valid/labels.cache
[34m[1moptimizer:[0m 'optimizer=auto' found, ignoring 'lr0=0.01' and 'momentum=0.937' and determining best 'optimizer', 'lr0' and 'momentum' automatically...
[34m[1moptimizer:[0m AdamW(lr=0.000714, momentum=0.9) with parameter groups 143 weight(decay=0.0), 206 weight(decay=0.0005), 226 bias(decay=0.0)
Plotting labels to /kaggle/working/runs/detect/basketball_detection/rtdetr-l_player_detector/labels.jpg...
Using 464 train, 96 val images for fraction=1.0 at imgsz=640
Using 2 dataloader workers
Logging results to [1m/kaggle/working/runs/detect/basketball_detection/rtdetr-l_player_detector[0m
Starting training for 50 epochs...

      Epoch    GPU_mem  giou_loss   cls_loss    l1_loss  Instances       Size
/usr/local/lib/python3.12/dist-packages/torch/autograd/graph.py:865: UserWarning: grid_sampler_2d_backward_cuda does not have a deterministic implementation, but you set 'torch.use_deterministic_algorithms(True, warn_only=True)'. You can file an issue at https://github.com/pytorch/pytorch/issues to help us prioritize adding deterministic support for this operation. (Triggered internally at /pytorch/aten/src/ATen/Context.cpp:160.)
  return Variable._execution_engine.run_backward(  # Calls into the C++ engine to run the backward pass
[K       1/50      12.4G      1.778      2.023     0.8091        638        640: 100% ━━━━━━━━━━━━ 29/29 1.2s/it 36.1s1.0ss
[K                 Class     Images  Instances      Box(P          R      mAP50  mAP50-95): 100% ━━━━━━━━━━━━ 3/3 2.0s/it 5.9s1.9s6s
                   all         96       1953      0.749     0.0657     0.0658     0.0351
/usr/local/lib/python3.12/dist-packages/ray/train/_internal/session.py:676: UserWarning: `get_trial_id` is meant to only be called inside a function that is executed by a Tuner or Trainer. Returning `None`.
  warnings.warn(

      Epoch    GPU_mem  giou_loss   cls_loss    l1_loss  Instances       Size
/usr/local/lib/python3.12/dist-packages/torch/autograd/graph.py:865: UserWarning: grid_sampler_2d_backward_cuda does not have a deterministic implementation, but you set 'torch.use_deterministic_algorithms(True, warn_only=True)'. You can file an issue at https://github.com/pytorch/pytorch/issues to help us prioritize adding deterministic support for this operation. (Triggered internally at /pytorch/aten/src/ATen/Context.cpp:160.)
  return Variable._execution_engine.run_backward(  # Calls into the C++ engine to run the backward pass
[K       2/50      12.5G      1.038     0.5998     0.3536        463        640: 100% ━━━━━━━━━━━━ 29/29 1.0it/s 28.2s1.0ss
[K                 Class     Images  Instances      Box(P          R      mAP50  mAP50-95): 100% ━━━━━━━━━━━━ 3/3 1.5it/s 2.0s1.3s
                   all         96       1953      0.803      0.222      0.177     0.0914

      Epoch    GPU_mem  giou_loss   cls_loss    l1_loss  Instances       Size
/usr/local/lib/python3.12/dist-packages/torch/autograd/graph.py:865: UserWarning: grid_sampler_2d_backward_cuda does not have a deterministic implementation, but you set 'torch.use_deterministic_algorithms(True, warn_only=True)'. You can file an issue at https://github.com/pytorch/pytorch/issues to help us prioritize adding deterministic support for this operation. (Triggered internally at /pytorch/aten/src/ATen/Context.cpp:160.)
  return Variable._execution_engine.run_backward(  # Calls into the C++ engine to run the backward pass
[K       3/50      11.9G     0.8123     0.5301     0.2008        467        640: 100% ━━━━━━━━━━━━ 29/29 1.0it/s 28.9s1.0ss
[K                 Class     Images  Instances      Box(P          R      mAP50  mAP50-95): 100% ━━━━━━━━━━━━ 3/3 1.5it/s 2.0s1.3s
                   all         96       1953      0.846      0.372      0.375      0.172

      Epoch    GPU_mem  giou_loss   cls_loss    l1_loss  Instances       Size
/usr/local/lib/python3.12/dist-packages/torch/autograd/graph.py:865: UserWarning: grid_sampler_2d_backward_cuda does not have a deterministic implementation, but you set 'torch.use_deterministic_algorithms(True, warn_only=True)'. You can file an issue at https://github.com/pytorch/pytorch/issues to help us prioritize adding deterministic support for this operation. (Triggered internally at /pytorch/aten/src/ATen/Context.cpp:160.)
  return Variable._execution_engine.run_backward(  # Calls into the C++ engine to run the backward pass
[K       4/50      12.3G      0.714     0.4928     0.1573        694        640: 100% ━━━━━━━━━━━━ 29/29 1.0it/s 28.7s1.0ss
[K                 Class     Images  Instances      Box(P          R      mAP50  mAP50-95): 100% ━━━━━━━━━━━━ 3/3 1.5it/s 2.0s1.3s
                   all         96       1953      0.856      0.441      0.447      0.248

      Epoch    GPU_mem  giou_loss   cls_loss    l1_loss  Instances       Size
/usr/local/lib/python3.12/dist-packages/torch/autograd/graph.py:865: UserWarning: grid_sampler_2d_backward_cuda does not have a deterministic implementation, but you set 'torch.use_deterministic_algorithms(True, warn_only=True)'. You can file an issue at https://github.com/pytorch/pytorch/issues to help us prioritize adding deterministic support for this operation. (Triggered internally at /pytorch/aten/src/ATen/Context.cpp:160.)
  return Variable._execution_engine.run_backward(  # Calls into the C++ engine to run the backward pass
[K       5/50      12.7G     0.6143     0.4906     0.1265        488        640: 100% ━━━━━━━━━━━━ 29/29 1.0it/s 28.4s1.0ss
[K                 Class     Images  Instances      Box(P          R      mAP50  mAP50-95): 100% ━━━━━━━━━━━━ 3/3 1.5it/s 2.0s1.3s
                   all         96       1953      0.935      0.462      0.485      0.267

      Epoch    GPU_mem  giou_loss   cls_loss    l1_loss  Instances       Size
/usr/local/lib/python3.12/dist-packages/torch/autograd/graph.py:865: UserWarning: grid_sampler_2d_backward_cuda does not have a deterministic implementation, but you set 'torch.use_deterministic_algorithms(True, warn_only=True)'. You can file an issue at https://github.com/pytorch/pytorch/issues to help us prioritize adding deterministic support for this operation. (Triggered internally at /pytorch/aten/src/ATen/Context.cpp:160.)
  return Variable._execution_engine.run_backward(  # Calls into the C++ engine to run the backward pass
[K       6/50      12.8G     0.5706     0.4736     0.1181        475        640: 100% ━━━━━━━━━━━━ 29/29 1.0it/s 28.5s1.0ss
[K                 Class     Images  Instances      Box(P          R      mAP50  mAP50-95): 100% ━━━━━━━━━━━━ 3/3 1.5it/s 2.0s1.3s
                   all         96       1953       0.95      0.475      0.506      0.303

      Epoch    GPU_mem  giou_loss   cls_loss    l1_loss  Instances       Size
/usr/local/lib/python3.12/dist-packages/torch/autograd/graph.py:865: UserWarning: grid_sampler_2d_backward_cuda does not have a deterministic implementation, but you set 'torch.use_deterministic_algorithms(True, warn_only=True)'. You can file an issue at https://github.com/pytorch/pytorch/issues to help us prioritize adding deterministic support for this operation. (Triggered internally at /pytorch/aten/src/ATen/Context.cpp:160.)
  return Variable._execution_engine.run_backward(  # Calls into the C++ engine to run the backward pass
[K       7/50        12G     0.5726     0.4623     0.1152        596        640: 100% ━━━━━━━━━━━━ 29/29 1.0it/s 28.7s1.0ss
[K                 Class     Images  Instances      Box(P          R      mAP50  mAP50-95): 100% ━━━━━━━━━━━━ 3/3 1.5it/s 2.0s1.3s
                   all         96       1953       0.96      0.479      0.541      0.339

      Epoch    GPU_mem  giou_loss   cls_loss    l1_loss  Instances       Size
/usr/local/lib/python3.12/dist-packages/torch/autograd/graph.py:865: UserWarning: grid_sampler_2d_backward_cuda does not have a deterministic implementation, but you set 'torch.use_deterministic_algorithms(True, warn_only=True)'. You can file an issue at https://github.com/pytorch/pytorch/issues to help us prioritize adding deterministic support for this operation. (Triggered internally at /pytorch/aten/src/ATen/Context.cpp:160.)
  return Variable._execution_engine.run_backward(  # Calls into the C++ engine to run the backward pass
[K       8/50      12.3G     0.5463     0.4535     0.1112        591        640: 100% ━━━━━━━━━━━━ 29/29 1.0it/s 28.4s1.0ss
[K                 Class     Images  Instances      Box(P          R      mAP50  mAP50-95): 100% ━━━━━━━━━━━━ 3/3 1.5it/s 2.0s1.3s
                   all         96       1953      0.949      0.476      0.546      0.283

      Epoch    GPU_mem  giou_loss   cls_loss    l1_loss  Instances       Size
/usr/local/lib/python3.12/dist-packages/torch/autograd/graph.py:865: UserWarning: grid_sampler_2d_backward_cuda does not have a deterministic implementation, but you set 'torch.use_deterministic_algorithms(True, warn_only=True)'. You can file an issue at https://github.com/pytorch/pytorch/issues to help us prioritize adding deterministic support for this operation. (Triggered internally at /pytorch/aten/src/ATen/Context.cpp:160.)
  return Variable._execution_engine.run_backward(  # Calls into the C++ engine to run the backward pass
[K       9/50      12.3G     0.5296     0.4517     0.1118        523        640: 100% ━━━━━━━━━━━━ 29/29 1.0it/s 28.5s1.0ss
[K                 Class     Images  Instances      Box(P          R      mAP50  mAP50-95): 100% ━━━━━━━━━━━━ 3/3 1.5it/s 2.0s1.3s
                   all         96       1953      0.715      0.591      0.608      0.321

      Epoch    GPU_mem  giou_loss   cls_loss    l1_loss  Instances       Size
/usr/local/lib/python3.12/dist-packages/torch/autograd/graph.py:865: UserWarning: grid_sampler_2d_backward_cuda does not have a deterministic implementation, but you set 'torch.use_deterministic_algorithms(True, warn_only=True)'. You can file an issue at https://github.com/pytorch/pytorch/issues to help us prioritize adding deterministic support for this operation. (Triggered internally at /pytorch/aten/src/ATen/Context.cpp:160.)
  return Variable._execution_engine.run_backward(  # Calls into the C++ engine to run the backward pass
[K      10/50      12.1G     0.5114     0.4443     0.1023        509        640: 100% ━━━━━━━━━━━━ 29/29 1.0it/s 28.4s1.0ss
[K                 Class     Images  Instances      Box(P          R      mAP50  mAP50-95): 100% ━━━━━━━━━━━━ 3/3 1.5it/s 2.0s1.3s
                   all         96       1953      0.644      0.694      0.652      0.424

      Epoch    GPU_mem  giou_loss   cls_loss    l1_loss  Instances       Size
/usr/local/lib/python3.12/dist-packages/torch/autograd/graph.py:865: UserWarning: grid_sampler_2d_backward_cuda does not have a deterministic implementation, but you set 'torch.use_deterministic_algorithms(True, warn_only=True)'. You can file an issue at https://github.com/pytorch/pytorch/issues to help us prioritize adding deterministic support for this operation. (Triggered internally at /pytorch/aten/src/ATen/Context.cpp:160.)
  return Variable._execution_engine.run_backward(  # Calls into the C++ engine to run the backward pass
[K      11/50        12G     0.4967     0.4333    0.09814        702        640: 100% ━━━━━━━━━━━━ 29/29 1.0it/s 28.5s1.0ss
[K                 Class     Images  Instances      Box(P          R      mAP50  mAP50-95): 100% ━━━━━━━━━━━━ 3/3 1.5it/s 2.0s1.3s
                   all         96       1953      0.602      0.773      0.682      0.381

      Epoch    GPU_mem  giou_loss   cls_loss    l1_loss  Instances       Size
/usr/local/lib/python3.12/dist-packages/torch/autograd/graph.py:865: UserWarning: grid_sampler_2d_backward_cuda does not have a deterministic implementation, but you set 'torch.use_deterministic_algorithms(True, warn_only=True)'. You can file an issue at https://github.com/pytorch/pytorch/issues to help us prioritize adding deterministic support for this operation. (Triggered internally at /pytorch/aten/src/ATen/Context.cpp:160.)
  return Variable._execution_engine.run_backward(  # Calls into the C++ engine to run the backward pass
[K      12/50      12.2G     0.4893     0.4335    0.09742        478        640: 100% ━━━━━━━━━━━━ 29/29 1.0it/s 28.5s1.0ss
[K                 Class     Images  Instances      Box(P          R      mAP50  mAP50-95): 100% ━━━━━━━━━━━━ 3/3 1.5it/s 2.0s1.3s
                   all         96       1953      0.622       0.79      0.726      0.348

      Epoch    GPU_mem  giou_loss   cls_loss    l1_loss  Instances       Size
/usr/local/lib/python3.12/dist-packages/torch/autograd/graph.py:865: UserWarning: grid_sampler_2d_backward_cuda does not have a deterministic implementation, but you set 'torch.use_deterministic_algorithms(True, warn_only=True)'. You can file an issue at https://github.com/pytorch/pytorch/issues to help us prioritize adding deterministic support for this operation. (Triggered internally at /pytorch/aten/src/ATen/Context.cpp:160.)
  return Variable._execution_engine.run_backward(  # Calls into the C++ engine to run the backward pass
[K      13/50      12.3G      0.481     0.4382      0.097        679        640: 100% ━━━━━━━━━━━━ 29/29 1.0it/s 28.5s1.0ss
[K                 Class     Images  Instances      Box(P          R      mAP50  mAP50-95): 100% ━━━━━━━━━━━━ 3/3 1.5it/s 2.0s1.3s
                   all         96       1953      0.607      0.739      0.718      0.472

      Epoch    GPU_mem  giou_loss   cls_loss    l1_loss  Instances       Size
/usr/local/lib/python3.12/dist-packages/torch/autograd/graph.py:865: UserWarning: grid_sampler_2d_backward_cuda does not have a deterministic implementation, but you set 'torch.use_deterministic_algorithms(True, warn_only=True)'. You can file an issue at https://github.com/pytorch/pytorch/issues to help us prioritize adding deterministic support for this operation. (Triggered internally at /pytorch/aten/src/ATen/Context.cpp:160.)
  return Variable._execution_engine.run_backward(  # Calls into the C++ engine to run the backward pass
[K      14/50      12.2G     0.4476     0.4245    0.08617        480        640: 100% ━━━━━━━━━━━━ 29/29 1.0it/s 28.2s1.0ss
[K                 Class     Images  Instances      Box(P          R      mAP50  mAP50-95): 100% ━━━━━━━━━━━━ 3/3 1.5it/s 2.0s1.3s
                   all         96       1953      0.668      0.766       0.75      0.468

      Epoch    GPU_mem  giou_loss   cls_loss    l1_loss  Instances       Size
/usr/local/lib/python3.12/dist-packages/torch/autograd/graph.py:865: UserWarning: grid_sampler_2d_backward_cuda does not have a deterministic implementation, but you set 'torch.use_deterministic_algorithms(True, warn_only=True)'. You can file an issue at https://github.com/pytorch/pytorch/issues to help us prioritize adding deterministic support for this operation. (Triggered internally at /pytorch/aten/src/ATen/Context.cpp:160.)
  return Variable._execution_engine.run_backward(  # Calls into the C++ engine to run the backward pass
[K      15/50        12G     0.4526     0.4176    0.08885        403        640: 100% ━━━━━━━━━━━━ 29/29 1.0it/s 28.5s1.0ss
[K                 Class     Images  Instances      Box(P          R      mAP50  mAP50-95): 100% ━━━━━━━━━━━━ 3/3 1.5it/s 2.0s1.3s
                   all         96       1953      0.666      0.783      0.775      0.458

      Epoch    GPU_mem  giou_loss   cls_loss    l1_loss  Instances       Size
/usr/local/lib/python3.12/dist-packages/torch/autograd/graph.py:865: UserWarning: grid_sampler_2d_backward_cuda does not have a deterministic implementation, but you set 'torch.use_deterministic_algorithms(True, warn_only=True)'. You can file an issue at https://github.com/pytorch/pytorch/issues to help us prioritize adding deterministic support for this operation. (Triggered internally at /pytorch/aten/src/ATen/Context.cpp:160.)
  return Variable._execution_engine.run_backward(  # Calls into the C++ engine to run the backward pass
[K      16/50      12.3G     0.4724     0.4217     0.0927        425        640: 100% ━━━━━━━━━━━━ 29/29 1.0it/s 28.4s1.0ss
[K                 Class     Images  Instances      Box(P          R      mAP50  mAP50-95): 100% ━━━━━━━━━━━━ 3/3 1.5it/s 2.0s1.3s
                   all         96       1953      0.697      0.737      0.763      0.483

      Epoch    GPU_mem  giou_loss   cls_loss    l1_loss  Instances       Size
/usr/local/lib/python3.12/dist-packages/torch/autograd/graph.py:865: UserWarning: grid_sampler_2d_backward_cuda does not have a deterministic implementation, but you set 'torch.use_deterministic_algorithms(True, warn_only=True)'. You can file an issue at https://github.com/pytorch/pytorch/issues to help us prioritize adding deterministic support for this operation. (Triggered internally at /pytorch/aten/src/ATen/Context.cpp:160.)
  return Variable._execution_engine.run_backward(  # Calls into the C++ engine to run the backward pass
[K      17/50        12G     0.4415     0.4112    0.08428        510        640: 100% ━━━━━━━━━━━━ 29/29 1.0it/s 28.5s1.0ss
[K                 Class     Images  Instances      Box(P          R      mAP50  mAP50-95): 100% ━━━━━━━━━━━━ 3/3 1.5it/s 2.0s1.3s
                   all         96       1953      0.723      0.759      0.761      0.358

      Epoch    GPU_mem  giou_loss   cls_loss    l1_loss  Instances       Size
/usr/local/lib/python3.12/dist-packages/torch/autograd/graph.py:865: UserWarning: grid_sampler_2d_backward_cuda does not have a deterministic implementation, but you set 'torch.use_deterministic_algorithms(True, warn_only=True)'. You can file an issue at https://github.com/pytorch/pytorch/issues to help us prioritize adding deterministic support for this operation. (Triggered internally at /pytorch/aten/src/ATen/Context.cpp:160.)
  return Variable._execution_engine.run_backward(  # Calls into the C++ engine to run the backward pass
[K      18/50      12.8G     0.4293     0.4061    0.08531        446        640: 100% ━━━━━━━━━━━━ 29/29 1.0it/s 28.3s1.0ss
[K                 Class     Images  Instances      Box(P          R      mAP50  mAP50-95): 100% ━━━━━━━━━━━━ 3/3 1.5it/s 2.0s1.3s
                   all         96       1953      0.713      0.763      0.775      0.501

      Epoch    GPU_mem  giou_loss   cls_loss    l1_loss  Instances       Size
/usr/local/lib/python3.12/dist-packages/torch/autograd/graph.py:865: UserWarning: grid_sampler_2d_backward_cuda does not have a deterministic implementation, but you set 'torch.use_deterministic_algorithms(True, warn_only=True)'. You can file an issue at https://github.com/pytorch/pytorch/issues to help us prioritize adding deterministic support for this operation. (Triggered internally at /pytorch/aten/src/ATen/Context.cpp:160.)
  return Variable._execution_engine.run_backward(  # Calls into the C++ engine to run the backward pass
[K      19/50        12G     0.4368     0.4133    0.08357        551        640: 100% ━━━━━━━━━━━━ 29/29 1.0it/s 28.4s1.0ss
[K                 Class     Images  Instances      Box(P          R      mAP50  mAP50-95): 100% ━━━━━━━━━━━━ 3/3 1.5it/s 2.0s1.3s
                   all         96       1953      0.764      0.821      0.818      0.443

      Epoch    GPU_mem  giou_loss   cls_loss    l1_loss  Instances       Size
/usr/local/lib/python3.12/dist-packages/torch/autograd/graph.py:865: UserWarning: grid_sampler_2d_backward_cuda does not have a deterministic implementation, but you set 'torch.use_deterministic_algorithms(True, warn_only=True)'. You can file an issue at https://github.com/pytorch/pytorch/issues to help us prioritize adding deterministic support for this operation. (Triggered internally at /pytorch/aten/src/ATen/Context.cpp:160.)
  return Variable._execution_engine.run_backward(  # Calls into the C++ engine to run the backward pass
[K      20/50      12.1G     0.4382      0.413    0.08151        452        640: 100% ━━━━━━━━━━━━ 29/29 1.0it/s 28.5s1.0ss
[K                 Class     Images  Instances      Box(P          R      mAP50  mAP50-95): 100% ━━━━━━━━━━━━ 3/3 1.5it/s 2.0s1.3s
                   all         96       1953       0.77      0.735      0.771      0.412

      Epoch    GPU_mem  giou_loss   cls_loss    l1_loss  Instances       Size
/usr/local/lib/python3.12/dist-packages/torch/autograd/graph.py:865: UserWarning: grid_sampler_2d_backward_cuda does not have a deterministic implementation, but you set 'torch.use_deterministic_algorithms(True, warn_only=True)'. You can file an issue at https://github.com/pytorch/pytorch/issues to help us prioritize adding deterministic support for this operation. (Triggered internally at /pytorch/aten/src/ATen/Context.cpp:160.)
  return Variable._execution_engine.run_backward(  # Calls into the C++ engine to run the backward pass
[K      21/50      12.1G     0.4307     0.4078    0.08405        368        640: 100% ━━━━━━━━━━━━ 29/29 1.0it/s 28.7s1.0ss
[K                 Class     Images  Instances      Box(P          R      mAP50  mAP50-95): 100% ━━━━━━━━━━━━ 3/3 1.5it/s 2.0s1.3s
                   all         96       1953      0.829      0.726      0.805      0.525

      Epoch    GPU_mem  giou_loss   cls_loss    l1_loss  Instances       Size
/usr/local/lib/python3.12/dist-packages/torch/autograd/graph.py:865: UserWarning: grid_sampler_2d_backward_cuda does not have a deterministic implementation, but you set 'torch.use_deterministic_algorithms(True, warn_only=True)'. You can file an issue at https://github.com/pytorch/pytorch/issues to help us prioritize adding deterministic support for this operation. (Triggered internally at /pytorch/aten/src/ATen/Context.cpp:160.)
  return Variable._execution_engine.run_backward(  # Calls into the C++ engine to run the backward pass
[K      22/50      12.7G     0.4236      0.407    0.08253        578        640: 100% ━━━━━━━━━━━━ 29/29 1.0it/s 28.5s1.0ss
[K                 Class     Images  Instances      Box(P          R      mAP50  mAP50-95): 100% ━━━━━━━━━━━━ 3/3 1.5it/s 2.0s1.3s
                   all         96       1953      0.747      0.737       0.77      0.433

      Epoch    GPU_mem  giou_loss   cls_loss    l1_loss  Instances       Size
/usr/local/lib/python3.12/dist-packages/torch/autograd/graph.py:865: UserWarning: grid_sampler_2d_backward_cuda does not have a deterministic implementation, but you set 'torch.use_deterministic_algorithms(True, warn_only=True)'. You can file an issue at https://github.com/pytorch/pytorch/issues to help us prioritize adding deterministic support for this operation. (Triggered internally at /pytorch/aten/src/ATen/Context.cpp:160.)
  return Variable._execution_engine.run_backward(  # Calls into the C++ engine to run the backward pass
[K      23/50      12.8G      0.415     0.4003     0.0781        519        640: 100% ━━━━━━━━━━━━ 29/29 1.0it/s 28.5s1.0ss
[K                 Class     Images  Instances      Box(P          R      mAP50  mAP50-95): 100% ━━━━━━━━━━━━ 3/3 1.5it/s 2.0s1.3s
                   all         96       1953      0.792       0.72       0.77      0.513

      Epoch    GPU_mem  giou_loss   cls_loss    l1_loss  Instances       Size
/usr/local/lib/python3.12/dist-packages/torch/autograd/graph.py:865: UserWarning: grid_sampler_2d_backward_cuda does not have a deterministic implementation, but you set 'torch.use_deterministic_algorithms(True, warn_only=True)'. You can file an issue at https://github.com/pytorch/pytorch/issues to help us prioritize adding deterministic support for this operation. (Triggered internally at /pytorch/aten/src/ATen/Context.cpp:160.)
  return Variable._execution_engine.run_backward(  # Calls into the C++ engine to run the backward pass
[K      24/50      12.9G     0.4222     0.4016    0.07886        539        640: 100% ━━━━━━━━━━━━ 29/29 1.0it/s 28.5s1.0ss
[K                 Class     Images  Instances      Box(P          R      mAP50  mAP50-95): 100% ━━━━━━━━━━━━ 3/3 1.5it/s 2.0s1.3s
                   all         96       1953      0.789      0.736      0.762      0.452

      Epoch    GPU_mem  giou_loss   cls_loss    l1_loss  Instances       Size
/usr/local/lib/python3.12/dist-packages/torch/autograd/graph.py:865: UserWarning: grid_sampler_2d_backward_cuda does not have a deterministic implementation, but you set 'torch.use_deterministic_algorithms(True, warn_only=True)'. You can file an issue at https://github.com/pytorch/pytorch/issues to help us prioritize adding deterministic support for this operation. (Triggered internally at /pytorch/aten/src/ATen/Context.cpp:160.)
  return Variable._execution_engine.run_backward(  # Calls into the C++ engine to run the backward pass
[K      25/50        12G      0.405     0.3974    0.07569        433        640: 100% ━━━━━━━━━━━━ 29/29 1.0it/s 28.2s1.0ss
[K                 Class     Images  Instances      Box(P          R      mAP50  mAP50-95): 100% ━━━━━━━━━━━━ 3/3 1.5it/s 2.0s1.3s
                   all         96       1953      0.768      0.783      0.807      0.552

      Epoch    GPU_mem  giou_loss   cls_loss    l1_loss  Instances       Size
/usr/local/lib/python3.12/dist-packages/torch/autograd/graph.py:865: UserWarning: grid_sampler_2d_backward_cuda does not have a deterministic implementation, but you set 'torch.use_deterministic_algorithms(True, warn_only=True)'. You can file an issue at https://github.com/pytorch/pytorch/issues to help us prioritize adding deterministic support for this operation. (Triggered internally at /pytorch/aten/src/ATen/Context.cpp:160.)
  return Variable._execution_engine.run_backward(  # Calls into the C++ engine to run the backward pass
[K      26/50      12.1G     0.4288     0.4061    0.08182        392        640: 100% ━━━━━━━━━━━━ 29/29 1.0it/s 28.5s1.0ss
[K                 Class     Images  Instances      Box(P          R      mAP50  mAP50-95): 100% ━━━━━━━━━━━━ 3/3 1.5it/s 2.0s1.3s
                   all         96       1953      0.846      0.722      0.828      0.565

      Epoch    GPU_mem  giou_loss   cls_loss    l1_loss  Instances       Size
/usr/local/lib/python3.12/dist-packages/torch/autograd/graph.py:865: UserWarning: grid_sampler_2d_backward_cuda does not have a deterministic implementation, but you set 'torch.use_deterministic_algorithms(True, warn_only=True)'. You can file an issue at https://github.com/pytorch/pytorch/issues to help us prioritize adding deterministic support for this operation. (Triggered internally at /pytorch/aten/src/ATen/Context.cpp:160.)
  return Variable._execution_engine.run_backward(  # Calls into the C++ engine to run the backward pass
[K      27/50      12.4G     0.4083     0.3963      0.076        660        640: 100% ━━━━━━━━━━━━ 29/29 1.0it/s 28.5s1.0ss
[K                 Class     Images  Instances      Box(P          R      mAP50  mAP50-95): 100% ━━━━━━━━━━━━ 3/3 1.5it/s 2.0s1.3s
                   all         96       1953      0.825      0.769      0.837       0.57

      Epoch    GPU_mem  giou_loss   cls_loss    l1_loss  Instances       Size
/usr/local/lib/python3.12/dist-packages/torch/autograd/graph.py:865: UserWarning: grid_sampler_2d_backward_cuda does not have a deterministic implementation, but you set 'torch.use_deterministic_algorithms(True, warn_only=True)'. You can file an issue at https://github.com/pytorch/pytorch/issues to help us prioritize adding deterministic support for this operation. (Triggered internally at /pytorch/aten/src/ATen/Context.cpp:160.)
  return Variable._execution_engine.run_backward(  # Calls into the C++ engine to run the backward pass
[K      28/50      12.9G     0.4116     0.3944     0.0785        585        640: 100% ━━━━━━━━━━━━ 29/29 1.0it/s 28.7s1.0ss
[K                 Class     Images  Instances      Box(P          R      mAP50  mAP50-95): 100% ━━━━━━━━━━━━ 3/3 1.5it/s 2.0s1.3s
                   all         96       1953      0.751       0.82      0.823      0.553

      Epoch    GPU_mem  giou_loss   cls_loss    l1_loss  Instances       Size
/usr/local/lib/python3.12/dist-packages/torch/autograd/graph.py:865: UserWarning: grid_sampler_2d_backward_cuda does not have a deterministic implementation, but you set 'torch.use_deterministic_algorithms(True, warn_only=True)'. You can file an issue at https://github.com/pytorch/pytorch/issues to help us prioritize adding deterministic support for this operation. (Triggered internally at /pytorch/aten/src/ATen/Context.cpp:160.)
  return Variable._execution_engine.run_backward(  # Calls into the C++ engine to run the backward pass
[K      29/50        12G     0.3968     0.3915    0.07353        733        640: 100% ━━━━━━━━━━━━ 29/29 1.0it/s 28.6s1.0ss
[K                 Class     Images  Instances      Box(P          R      mAP50  mAP50-95): 100% ━━━━━━━━━━━━ 3/3 1.5it/s 2.0s1.3s
                   all         96       1953      0.763      0.808      0.845      0.542

      Epoch    GPU_mem  giou_loss   cls_loss    l1_loss  Instances       Size
/usr/local/lib/python3.12/dist-packages/torch/autograd/graph.py:865: UserWarning: grid_sampler_2d_backward_cuda does not have a deterministic implementation, but you set 'torch.use_deterministic_algorithms(True, warn_only=True)'. You can file an issue at https://github.com/pytorch/pytorch/issues to help us prioritize adding deterministic support for this operation. (Triggered internally at /pytorch/aten/src/ATen/Context.cpp:160.)
  return Variable._execution_engine.run_backward(  # Calls into the C++ engine to run the backward pass
[K      30/50      12.4G     0.3969     0.3842    0.07375        526        640: 100% ━━━━━━━━━━━━ 29/29 1.0it/s 28.4s1.0ss
[K                 Class     Images  Instances      Box(P          R      mAP50  mAP50-95): 100% ━━━━━━━━━━━━ 3/3 1.5it/s 2.0s1.3s
                   all         96       1953       0.74      0.774      0.835      0.478

      Epoch    GPU_mem  giou_loss   cls_loss    l1_loss  Instances       Size
/usr/local/lib/python3.12/dist-packages/torch/autograd/graph.py:865: UserWarning: grid_sampler_2d_backward_cuda does not have a deterministic implementation, but you set 'torch.use_deterministic_algorithms(True, warn_only=True)'. You can file an issue at https://github.com/pytorch/pytorch/issues to help us prioritize adding deterministic support for this operation. (Triggered internally at /pytorch/aten/src/ATen/Context.cpp:160.)
  return Variable._execution_engine.run_backward(  # Calls into the C++ engine to run the backward pass
[K      31/50      12.6G     0.3905     0.3832    0.07209        363        640: 100% ━━━━━━━━━━━━ 29/29 1.0it/s 28.5s1.0ss
[K                 Class     Images  Instances      Box(P          R      mAP50  mAP50-95): 100% ━━━━━━━━━━━━ 3/3 1.5it/s 2.0s1.3s
                   all         96       1953      0.828      0.738      0.832      0.484

      Epoch    GPU_mem  giou_loss   cls_loss    l1_loss  Instances       Size
/usr/local/lib/python3.12/dist-packages/torch/autograd/graph.py:865: UserWarning: grid_sampler_2d_backward_cuda does not have a deterministic implementation, but you set 'torch.use_deterministic_algorithms(True, warn_only=True)'. You can file an issue at https://github.com/pytorch/pytorch/issues to help us prioritize adding deterministic support for this operation. (Triggered internally at /pytorch/aten/src/ATen/Context.cpp:160.)
  return Variable._execution_engine.run_backward(  # Calls into the C++ engine to run the backward pass
[K      32/50      12.6G     0.4063     0.3891    0.07518        466        640: 100% ━━━━━━━━━━━━ 29/29 1.0it/s 28.9s1.0ss
[K                 Class     Images  Instances      Box(P          R      mAP50  mAP50-95): 100% ━━━━━━━━━━━━ 3/3 1.5it/s 2.0s1.3s
                   all         96       1953      0.729      0.845      0.845      0.595

      Epoch    GPU_mem  giou_loss   cls_loss    l1_loss  Instances       Size
/usr/local/lib/python3.12/dist-packages/torch/autograd/graph.py:865: UserWarning: grid_sampler_2d_backward_cuda does not have a deterministic implementation, but you set 'torch.use_deterministic_algorithms(True, warn_only=True)'. You can file an issue at https://github.com/pytorch/pytorch/issues to help us prioritize adding deterministic support for this operation. (Triggered internally at /pytorch/aten/src/ATen/Context.cpp:160.)
  return Variable._execution_engine.run_backward(  # Calls into the C++ engine to run the backward pass
[K      33/50      12.7G     0.3902     0.3829    0.07306        582        640: 100% ━━━━━━━━━━━━ 29/29 1.0it/s 28.9s1.0ss
[K                 Class     Images  Instances      Box(P          R      mAP50  mAP50-95): 100% ━━━━━━━━━━━━ 3/3 1.5it/s 2.0s1.3s
                   all         96       1953      0.772      0.809      0.842       0.53

      Epoch    GPU_mem  giou_loss   cls_loss    l1_loss  Instances       Size
/usr/local/lib/python3.12/dist-packages/torch/autograd/graph.py:865: UserWarning: grid_sampler_2d_backward_cuda does not have a deterministic implementation, but you set 'torch.use_deterministic_algorithms(True, warn_only=True)'. You can file an issue at https://github.com/pytorch/pytorch/issues to help us prioritize adding deterministic support for this operation. (Triggered internally at /pytorch/aten/src/ATen/Context.cpp:160.)
  return Variable._execution_engine.run_backward(  # Calls into the C++ engine to run the backward pass
[K      34/50      12.8G     0.3824     0.3813    0.06875        551        640: 100% ━━━━━━━━━━━━ 29/29 1.0it/s 28.9s1.0ss
[K                 Class     Images  Instances      Box(P          R      mAP50  mAP50-95): 100% ━━━━━━━━━━━━ 3/3 1.5it/s 2.0s1.3s
                   all         96       1953      0.846      0.724      0.831      0.542

      Epoch    GPU_mem  giou_loss   cls_loss    l1_loss  Instances       Size
/usr/local/lib/python3.12/dist-packages/torch/autograd/graph.py:865: UserWarning: grid_sampler_2d_backward_cuda does not have a deterministic implementation, but you set 'torch.use_deterministic_algorithms(True, warn_only=True)'. You can file an issue at https://github.com/pytorch/pytorch/issues to help us prioritize adding deterministic support for this operation. (Triggered internally at /pytorch/aten/src/ATen/Context.cpp:160.)
  return Variable._execution_engine.run_backward(  # Calls into the C++ engine to run the backward pass
[K      35/50        12G     0.3796     0.3803    0.07066        565        640: 100% ━━━━━━━━━━━━ 29/29 1.0it/s 28.6s1.0ss
[K                 Class     Images  Instances      Box(P          R      mAP50  mAP50-95): 100% ━━━━━━━━━━━━ 3/3 1.5it/s 2.0s1.3s
                   all         96       1953      0.808      0.792      0.839      0.513

      Epoch    GPU_mem  giou_loss   cls_loss    l1_loss  Instances       Size
/usr/local/lib/python3.12/dist-packages/torch/autograd/graph.py:865: UserWarning: grid_sampler_2d_backward_cuda does not have a deterministic implementation, but you set 'torch.use_deterministic_algorithms(True, warn_only=True)'. You can file an issue at https://github.com/pytorch/pytorch/issues to help us prioritize adding deterministic support for this operation. (Triggered internally at /pytorch/aten/src/ATen/Context.cpp:160.)
  return Variable._execution_engine.run_backward(  # Calls into the C++ engine to run the backward pass
[K      36/50      12.4G     0.3719     0.3816    0.07104        715        640: 100% ━━━━━━━━━━━━ 29/29 1.0it/s 28.5s1.0ss
[K                 Class     Images  Instances      Box(P          R      mAP50  mAP50-95): 100% ━━━━━━━━━━━━ 3/3 1.5it/s 2.0s1.3s
                   all         96       1953      0.766      0.808       0.84      0.574

      Epoch    GPU_mem  giou_loss   cls_loss    l1_loss  Instances       Size
/usr/local/lib/python3.12/dist-packages/torch/autograd/graph.py:865: UserWarning: grid_sampler_2d_backward_cuda does not have a deterministic implementation, but you set 'torch.use_deterministic_algorithms(True, warn_only=True)'. You can file an issue at https://github.com/pytorch/pytorch/issues to help us prioritize adding deterministic support for this operation. (Triggered internally at /pytorch/aten/src/ATen/Context.cpp:160.)
  return Variable._execution_engine.run_backward(  # Calls into the C++ engine to run the backward pass
[K      37/50      12.1G     0.3706     0.3798    0.06725        443        640: 100% ━━━━━━━━━━━━ 29/29 1.0it/s 28.6s1.0ss
[K                 Class     Images  Instances      Box(P          R      mAP50  mAP50-95): 100% ━━━━━━━━━━━━ 3/3 1.5it/s 2.0s1.3s
                   all         96       1953      0.805      0.801      0.844      0.573

      Epoch    GPU_mem  giou_loss   cls_loss    l1_loss  Instances       Size
/usr/local/lib/python3.12/dist-packages/torch/autograd/graph.py:865: UserWarning: grid_sampler_2d_backward_cuda does not have a deterministic implementation, but you set 'torch.use_deterministic_algorithms(True, warn_only=True)'. You can file an issue at https://github.com/pytorch/pytorch/issues to help us prioritize adding deterministic support for this operation. (Triggered internally at /pytorch/aten/src/ATen/Context.cpp:160.)
  return Variable._execution_engine.run_backward(  # Calls into the C++ engine to run the backward pass
[K      38/50      12.7G     0.3654     0.3746     0.0652        430        640: 100% ━━━━━━━━━━━━ 29/29 1.0it/s 28.5s1.0ss
[K                 Class     Images  Instances      Box(P          R      mAP50  mAP50-95): 100% ━━━━━━━━━━━━ 3/3 1.5it/s 2.0s1.3s
                   all         96       1953      0.814       0.81      0.838      0.554

      Epoch    GPU_mem  giou_loss   cls_loss    l1_loss  Instances       Size
/usr/local/lib/python3.12/dist-packages/torch/autograd/graph.py:865: UserWarning: grid_sampler_2d_backward_cuda does not have a deterministic implementation, but you set 'torch.use_deterministic_algorithms(True, warn_only=True)'. You can file an issue at https://github.com/pytorch/pytorch/issues to help us prioritize adding deterministic support for this operation. (Triggered internally at /pytorch/aten/src/ATen/Context.cpp:160.)
  return Variable._execution_engine.run_backward(  # Calls into the C++ engine to run the backward pass
[K      39/50        12G     0.3706     0.3742    0.06799        505        640: 100% ━━━━━━━━━━━━ 29/29 1.0it/s 28.6s1.0ss
[K                 Class     Images  Instances      Box(P          R      mAP50  mAP50-95): 100% ━━━━━━━━━━━━ 3/3 1.5it/s 2.0s1.3s
                   all         96       1953       0.81      0.798      0.827      0.571

      Epoch    GPU_mem  giou_loss   cls_loss    l1_loss  Instances       Size
/usr/local/lib/python3.12/dist-packages/torch/autograd/graph.py:865: UserWarning: grid_sampler_2d_backward_cuda does not have a deterministic implementation, but you set 'torch.use_deterministic_algorithms(True, warn_only=True)'. You can file an issue at https://github.com/pytorch/pytorch/issues to help us prioritize adding deterministic support for this operation. (Triggered internally at /pytorch/aten/src/ATen/Context.cpp:160.)
  return Variable._execution_engine.run_backward(  # Calls into the C++ engine to run the backward pass
[K      40/50      12.7G     0.3704     0.3694    0.06641        534        640: 100% ━━━━━━━━━━━━ 29/29 1.0it/s 28.7s1.0ss
[K                 Class     Images  Instances      Box(P          R      mAP50  mAP50-95): 100% ━━━━━━━━━━━━ 3/3 1.5it/s 2.0s1.3s
                   all         96       1953      0.775      0.795      0.819      0.561
Closing dataloader mosaic
[34m[1malbumentations: [0mBlur(p=0.01, blur_limit=(3, 7)), MedianBlur(p=0.01, blur_limit=(3, 7)), ToGray(p=0.01, method='weighted_average', num_output_channels=3), CLAHE(p=0.01, clip_limit=(1.0, 4.0), tile_grid_size=(8, 8))

      Epoch    GPU_mem  giou_loss   cls_loss    l1_loss  Instances       Size
/usr/local/lib/python3.12/dist-packages/torch/autograd/graph.py:865: UserWarning: grid_sampler_2d_backward_cuda does not have a deterministic implementation, but you set 'torch.use_deterministic_algorithms(True, warn_only=True)'. You can file an issue at https://github.com/pytorch/pytorch/issues to help us prioritize adding deterministic support for this operation. (Triggered internally at /pytorch/aten/src/ATen/Context.cpp:160.)
  return Variable._execution_engine.run_backward(  # Calls into the C++ engine to run the backward pass
[K      41/50      12.7G     0.2734     0.3397    0.05498        320        640: 100% ━━━━━━━━━━━━ 29/29 1.0s/it 29.2s1.0ss
[K                 Class     Images  Instances      Box(P          R      mAP50  mAP50-95): 100% ━━━━━━━━━━━━ 3/3 1.5it/s 2.0s1.3s
                   all         96       1953      0.781      0.753      0.809      0.548

      Epoch    GPU_mem  giou_loss   cls_loss    l1_loss  Instances       Size
/usr/local/lib/python3.12/dist-packages/torch/autograd/graph.py:865: UserWarning: grid_sampler_2d_backward_cuda does not have a deterministic implementation, but you set 'torch.use_deterministic_algorithms(True, warn_only=True)'. You can file an issue at https://github.com/pytorch/pytorch/issues to help us prioritize adding deterministic support for this operation. (Triggered internally at /pytorch/aten/src/ATen/Context.cpp:160.)
  return Variable._execution_engine.run_backward(  # Calls into the C++ engine to run the backward pass
[K      42/50      12.7G     0.2704     0.3382    0.05197        318        640: 100% ━━━━━━━━━━━━ 29/29 1.0it/s 28.0s1.0ss
[K                 Class     Images  Instances      Box(P          R      mAP50  mAP50-95): 100% ━━━━━━━━━━━━ 3/3 1.5it/s 2.0s1.3s
                   all         96       1953      0.786      0.826      0.848      0.587

      Epoch    GPU_mem  giou_loss   cls_loss    l1_loss  Instances       Size
/usr/local/lib/python3.12/dist-packages/torch/autograd/graph.py:865: UserWarning: grid_sampler_2d_backward_cuda does not have a deterministic implementation, but you set 'torch.use_deterministic_algorithms(True, warn_only=True)'. You can file an issue at https://github.com/pytorch/pytorch/issues to help us prioritize adding deterministic support for this operation. (Triggered internally at /pytorch/aten/src/ATen/Context.cpp:160.)
  return Variable._execution_engine.run_backward(  # Calls into the C++ engine to run the backward pass
[K      43/50      12.6G     0.2649     0.3326    0.05163        314        640: 100% ━━━━━━━━━━━━ 29/29 1.0it/s 28.0s1.0ss
[K                 Class     Images  Instances      Box(P          R      mAP50  mAP50-95): 100% ━━━━━━━━━━━━ 3/3 1.5it/s 2.0s1.3s
                   all         96       1953      0.811      0.784      0.838       0.59

      Epoch    GPU_mem  giou_loss   cls_loss    l1_loss  Instances       Size
/usr/local/lib/python3.12/dist-packages/torch/autograd/graph.py:865: UserWarning: grid_sampler_2d_backward_cuda does not have a deterministic implementation, but you set 'torch.use_deterministic_algorithms(True, warn_only=True)'. You can file an issue at https://github.com/pytorch/pytorch/issues to help us prioritize adding deterministic support for this operation. (Triggered internally at /pytorch/aten/src/ATen/Context.cpp:160.)
  return Variable._execution_engine.run_backward(  # Calls into the C++ engine to run the backward pass
[K      44/50      12.4G     0.2639     0.3298    0.05005        341        640: 100% ━━━━━━━━━━━━ 29/29 1.0it/s 28.0s1.0ss
[K                 Class     Images  Instances      Box(P          R      mAP50  mAP50-95): 100% ━━━━━━━━━━━━ 3/3 1.5it/s 2.0s1.3s
                   all         96       1953      0.748      0.862      0.867      0.601

      Epoch    GPU_mem  giou_loss   cls_loss    l1_loss  Instances       Size
/usr/local/lib/python3.12/dist-packages/torch/autograd/graph.py:865: UserWarning: grid_sampler_2d_backward_cuda does not have a deterministic implementation, but you set 'torch.use_deterministic_algorithms(True, warn_only=True)'. You can file an issue at https://github.com/pytorch/pytorch/issues to help us prioritize adding deterministic support for this operation. (Triggered internally at /pytorch/aten/src/ATen/Context.cpp:160.)
  return Variable._execution_engine.run_backward(  # Calls into the C++ engine to run the backward pass
[K      45/50      12.6G     0.2552     0.3256     0.0503        326        640: 100% ━━━━━━━━━━━━ 29/29 1.0it/s 28.2s1.0ss
[K                 Class     Images  Instances      Box(P          R      mAP50  mAP50-95): 100% ━━━━━━━━━━━━ 3/3 1.5it/s 2.0s1.3s
                   all         96       1953      0.829      0.749      0.838      0.577

      Epoch    GPU_mem  giou_loss   cls_loss    l1_loss  Instances       Size
/usr/local/lib/python3.12/dist-packages/torch/autograd/graph.py:865: UserWarning: grid_sampler_2d_backward_cuda does not have a deterministic implementation, but you set 'torch.use_deterministic_algorithms(True, warn_only=True)'. You can file an issue at https://github.com/pytorch/pytorch/issues to help us prioritize adding deterministic support for this operation. (Triggered internally at /pytorch/aten/src/ATen/Context.cpp:160.)
  return Variable._execution_engine.run_backward(  # Calls into the C++ engine to run the backward pass
[K      46/50      12.7G     0.2569     0.3233    0.04862        319        640: 100% ━━━━━━━━━━━━ 29/29 1.0it/s 28.0s1.0ss
[K                 Class     Images  Instances      Box(P          R      mAP50  mAP50-95): 100% ━━━━━━━━━━━━ 3/3 1.5it/s 2.0s1.3s
                   all         96       1953      0.806      0.732      0.796      0.561

      Epoch    GPU_mem  giou_loss   cls_loss    l1_loss  Instances       Size
/usr/local/lib/python3.12/dist-packages/torch/autograd/graph.py:865: UserWarning: grid_sampler_2d_backward_cuda does not have a deterministic implementation, but you set 'torch.use_deterministic_algorithms(True, warn_only=True)'. You can file an issue at https://github.com/pytorch/pytorch/issues to help us prioritize adding deterministic support for this operation. (Triggered internally at /pytorch/aten/src/ATen/Context.cpp:160.)
  return Variable._execution_engine.run_backward(  # Calls into the C++ engine to run the backward pass
[K      47/50      12.7G     0.2483     0.3224    0.04787        316        640: 100% ━━━━━━━━━━━━ 29/29 1.0it/s 28.0s1.0ss
[K                 Class     Images  Instances      Box(P          R      mAP50  mAP50-95): 100% ━━━━━━━━━━━━ 3/3 1.5it/s 2.0s1.3s
                   all         96       1953      0.788      0.766      0.821      0.569

      Epoch    GPU_mem  giou_loss   cls_loss    l1_loss  Instances       Size
/usr/local/lib/python3.12/dist-packages/torch/autograd/graph.py:865: UserWarning: grid_sampler_2d_backward_cuda does not have a deterministic implementation, but you set 'torch.use_deterministic_algorithms(True, warn_only=True)'. You can file an issue at https://github.com/pytorch/pytorch/issues to help us prioritize adding deterministic support for this operation. (Triggered internally at /pytorch/aten/src/ATen/Context.cpp:160.)
  return Variable._execution_engine.run_backward(  # Calls into the C++ engine to run the backward pass
[K      48/50      12.8G     0.2467     0.3197    0.04727        331        640: 100% ━━━━━━━━━━━━ 29/29 1.0it/s 28.1s1.0ss
[K                 Class     Images  Instances      Box(P          R      mAP50  mAP50-95): 100% ━━━━━━━━━━━━ 3/3 1.5it/s 2.0s1.3s
                   all         96       1953      0.827      0.717      0.818       0.54

      Epoch    GPU_mem  giou_loss   cls_loss    l1_loss  Instances       Size
/usr/local/lib/python3.12/dist-packages/torch/autograd/graph.py:865: UserWarning: grid_sampler_2d_backward_cuda does not have a deterministic implementation, but you set 'torch.use_deterministic_algorithms(True, warn_only=True)'. You can file an issue at https://github.com/pytorch/pytorch/issues to help us prioritize adding deterministic support for this operation. (Triggered internally at /pytorch/aten/src/ATen/Context.cpp:160.)
  return Variable._execution_engine.run_backward(  # Calls into the C++ engine to run the backward pass
[K      49/50      12.6G     0.2482     0.3178    0.04797        316        640: 100% ━━━━━━━━━━━━ 29/29 1.0it/s 28.1s1.0ss
[K                 Class     Images  Instances      Box(P          R      mAP50  mAP50-95): 100% ━━━━━━━━━━━━ 3/3 1.5it/s 2.0s1.3s
                   all         96       1953       0.73      0.822      0.831      0.558

      Epoch    GPU_mem  giou_loss   cls_loss    l1_loss  Instances       Size
/usr/local/lib/python3.12/dist-packages/torch/autograd/graph.py:865: UserWarning: grid_sampler_2d_backward_cuda does not have a deterministic implementation, but you set 'torch.use_deterministic_algorithms(True, warn_only=True)'. You can file an issue at https://github.com/pytorch/pytorch/issues to help us prioritize adding deterministic support for this operation. (Triggered internally at /pytorch/aten/src/ATen/Context.cpp:160.)
  return Variable._execution_engine.run_backward(  # Calls into the C++ engine to run the backward pass
[K      50/50      12.8G     0.2549     0.3195    0.04653        312        640: 100% ━━━━━━━━━━━━ 29/29 1.0it/s 28.0s1.0ss
[K                 Class     Images  Instances      Box(P          R      mAP50  mAP50-95): 100% ━━━━━━━━━━━━ 3/3 1.5it/s 2.0s1.3s
                   all         96       1953      0.723      0.821      0.816      0.547

50 epochs completed in 0.454 hours.
Optimizer stripped from /kaggle/working/runs/detect/basketball_detection/rtdetr-l_player_detector/weights/last.pt, 66.3MB
Optimizer stripped from /kaggle/working/runs/detect/basketball_detection/rtdetr-l_player_detector/weights/best.pt, 66.3MB

Validating /kaggle/working/runs/detect/basketball_detection/rtdetr-l_player_detector/weights/best.pt...
Ultralytics 8.4.146 🚀 Python-3.12.13 torch-2.10.0+cu128 CUDA:0 (Tesla T4, 14912MiB)
rt-detr-l summary (fused): 315 layers, 32,004,290 parameters, 0 gradients, 105.4 GFLOPs
[K                 Class     Images  Instances      Box(P          R      mAP50  mAP50-95): 100% ━━━━━━━━━━━━ 3/3 1.8s/it 5.4s3.5ss
                   all         96       1953      0.748      0.863      0.867      0.598
                  ball         88         88      0.791      0.909      0.926      0.599
        ball-in-basket          9          9      0.346          1      0.827      0.591
                number         96        522      0.836      0.976      0.975      0.584
                player         96        908      0.931      0.964      0.971      0.721
  player-in-possession         17         17      0.269      0.529      0.449       0.32
      player-jump-shot         17         17      0.857      0.705      0.859      0.589
     player-shot-block          9          9       0.76      0.707      0.805      0.578
               referee         96        287      0.957      0.976      0.993      0.751
                   rim         96         96      0.984          1      0.995      0.647
Speed: 0.2ms preprocess, 33.0ms inference, 0.0ms loss, 0.2ms postprocess per image
Results saved to [1m/kaggle/working/runs/detect/basketball_detection/rtdetr-l_player_detector[0m
