{"time":"2026-09-10T03:17:26.767148029Z","level":"INFO","msg":"wandb-core"}
{"time":"2026-09-10T03:17:26.772323252Z","level":"INFO","msg":"stream: starting","core version":"0.26.1"}
{"time":"2026-09-10T03:17:27.209629738Z","level":"INFO","msg":"stream: created new stream","id":"bd3qajt6"}
{"time":"2026-09-10T03:17:27.209729728Z","level":"INFO","msg":"handler: started"}
{"time":"2026-09-10T03:17:27.209863783Z","level":"INFO","msg":"stream: started"}
{"time":"2026-09-10T03:17:27.211787043Z","level":"INFO","msg":"sender: started"}
{"time":"2026-09-10T03:17:27.211800452Z","level":"INFO","msg":"writer: started","stream_id":"bd3qajt6"}
{"time":"2026-09-10T03:17:34.215864608Z","level":"INFO","msg":"filestream: sending request","total_files":1,"console_offset":0,"console_lines":1}
{"time":"2026-09-10T03:17:34.819602578Z","level":"INFO","msg":"filestream: request sent","status":"200 OK"}
{"time":"2026-09-10T03:17:49.216799209Z","level":"INFO","msg":"filestream: sending request","total_files":2,"events_offset":0,"events_lines":2,"console_offset":0,"console_lines":53,"uploaded_len":2}
{"time":"2026-09-10T03:17:49.459857389Z","level":"INFO","msg":"filestream: request sent","status":"200 OK"}
{"time":"2026-09-10T03:18:04.21761468Z","level":"INFO","msg":"filestream: sending request","total_files":2,"events_offset":2,"events_lines":2,"console_offset":53,"console_lines":10}
{"time":"2026-09-10T03:18:04.496532232Z","level":"INFO","msg":"filestream: request sent","status":"200 OK"}
{"time":"2026-09-10T03:18:19.2163182Z","level":"INFO","msg":"filestream: sending request","total_files":2,"events_offset":4,"events_lines":2,"console_offset":62,"console_lines":1}
{"time":"2026-09-10T03:18:19.466799557Z","level":"INFO","msg":"filestream: request sent","status":"200 OK"}
{"time":"2026-09-10T03:18:34.21602595Z","level":"INFO","msg":"filestream: sending request","total_files":2,"events_offset":6,"events_lines":2,"console_offset":62,"console_lines":3}
{"time":"2026-09-10T03:18:34.448072385Z","level":"INFO","msg":"filestream: request sent","status":"200 OK"}
{"time":"2026-09-10T03:18:49.215992095Z","level":"INFO","msg":"filestream: sending request","total_files":2,"events_offset":8,"events_lines":2,"console_offset":65,"console_lines":7}
{"time":"2026-09-10T03:18:49.444472766Z","level":"INFO","msg":"filestream: request sent","status":"200 OK"}
{"time":"2026-09-10T03:19:04.216004367Z","level":"INFO","msg":"filestream: sending request","total_files":2,"events_offset":10,"events_lines":2,"console_offset":71,"console_lines":2}
{"time":"2026-09-10T03:19:04.35745627Z","level":"INFO","msg":"filestream: request sent","status":"200 OK"}
{"time":"2026-09-10T03:19:19.216892187Z","level":"INFO","msg":"filestream: sending request","total_files":2,"events_offset":12,"events_lines":2,"console_offset":72,"console_lines":7}
{"time":"2026-09-10T03:19:19.34065736Z","level":"INFO","msg":"filestream: request sent","status":"200 OK"}
{"time":"2026-09-10T03:19:34.216379946Z","level":"INFO","msg":"filestream: sending request","total_files":2,"events_offset":14,"events_lines":2,"console_offset":78,"console_lines":1}
{"time":"2026-09-10T03:19:34.445587161Z","level":"INFO","msg":"filestream: request sent","status":"200 OK"}
{"time":"2026-09-10T03:19:49.216577567Z","level":"INFO","msg":"filestream: sending request","total_files":2,"events_offset":16,"events_lines":2,"console_offset":78,"console_lines":8}
{"time":"2026-09-10T03:19:49.427652233Z","level":"INFO","msg":"filestream: request sent","status":"200 OK"}
{"time":"2026-09-10T03:20:04.215859944Z","level":"INFO","msg":"filestream: sending request","total_files":2,"events_offset":18,"events_lines":2,"console_offset":85,"console_lines":1}
{"time":"2026-09-10T03:20:04.421008409Z","level":"INFO","msg":"filestream: request sent","status":"200 OK"}
{"time":"2026-09-10T03:20:19.216046156Z","level":"INFO","msg":"filestream: sending request","total_files":2,"events_offset":20,"events_lines":2,"console_offset":85,"console_lines":8}
{"time":"2026-09-10T03:20:19.377413051Z","level":"INFO","msg":"filestream: request sent","status":"200 OK"}
{"time":"2026-09-10T03:20:34.216148194Z","level":"INFO","msg":"filestream: sending request","total_files":2,"events_offset":22,"events_lines":2,"console_offset":92,"console_lines":1}
{"time":"2026-09-10T03:20:34.442956893Z","level":"INFO","msg":"filestream: request sent","status":"200 OK"}
{"time":"2026-09-10T03:20:49.216367681Z","level":"INFO","msg":"filestream: sending request","total_files":2,"events_offset":24,"events_lines":2,"console_offset":92,"console_lines":8}
{"time":"2026-09-10T03:20:49.362910543Z","level":"INFO","msg":"filestream: request sent","status":"200 OK"}
{"time":"2026-09-10T03:21:04.216479013Z","level":"INFO","msg":"filestream: sending request","total_files":2,"events_offset":26,"events_lines":2,"console_offset":99,"console_lines":1}
{"time":"2026-09-10T03:21:04.443455547Z","level":"INFO","msg":"filestream: request sent","status":"200 OK"}
{"time":"2026-09-10T03:21:19.216627413Z","level":"INFO","msg":"filestream: sending request","total_files":2,"events_offset":28,"events_lines":2,"console_offset":99,"console_lines":5}
{"time":"2026-09-10T03:21:19.398907293Z","level":"INFO","msg":"filestream: request sent","status":"200 OK"}
{"time":"2026-09-10T03:21:34.216117807Z","level":"INFO","msg":"filestream: sending request","total_files":2,"events_offset":30,"events_lines":2,"console_offset":104,"console_lines":3}
{"time":"2026-09-10T03:21:34.44729528Z","level":"INFO","msg":"filestream: request sent","status":"200 OK"}
{"time":"2026-09-10T03:21:49.216690624Z","level":"INFO","msg":"filestream: sending request","total_files":2,"events_offset":32,"events_lines":2,"console_offset":106,"console_lines":2}
{"time":"2026-09-10T03:21:49.387054496Z","level":"INFO","msg":"filestream: request sent","status":"200 OK"}
{"time":"2026-09-10T03:22:04.216482098Z","level":"INFO","msg":"filestream: sending request","total_files":2,"events_offset":34,"events_lines":2,"console_offset":107,"console_lines":7}
{"time":"2026-09-10T03:22:04.396752467Z","level":"INFO","msg":"filestream: request sent","status":"200 OK"}
{"time":"2026-09-10T03:22:19.216381739Z","level":"INFO","msg":"filestream: sending request","total_files":2,"events_offset":36,"events_lines":2,"console_offset":113,"console_lines":1}
{"time":"2026-09-10T03:22:19.531881942Z","level":"INFO","msg":"filestream: request sent","status":"200 OK"}
{"time":"2026-09-10T03:22:34.216563716Z","level":"INFO","msg":"filestream: sending request","total_files":2,"events_offset":38,"events_lines":2,"console_offset":113,"console_lines":8}
{"time":"2026-09-10T03:22:34.515643126Z","level":"INFO","msg":"filestream: request sent","status":"200 OK"}
{"time":"2026-09-10T03:22:49.216025146Z","level":"INFO","msg":"filestream: sending request","total_files":2,"events_offset":40,"events_lines":2,"console_offset":120,"console_lines":1}
{"time":"2026-09-10T03:22:49.432178911Z","level":"INFO","msg":"filestream: request sent","status":"200 OK"}
{"time":"2026-09-10T03:23:04.215848034Z","level":"INFO","msg":"filestream: sending request","total_files":2,"events_offset":42,"events_lines":2,"console_offset":120,"console_lines":8}
{"time":"2026-09-10T03:23:04.500405964Z","level":"INFO","msg":"filestream: request sent","status":"200 OK"}
{"time":"2026-09-10T03:23:19.21609345Z","level":"INFO","msg":"filestream: sending request","total_files":2,"events_offset":44,"events_lines":2,"console_offset":127,"console_lines":1}
{"time":"2026-09-10T03:23:19.371104386Z","level":"INFO","msg":"filestream: request sent","status":"200 OK"}
{"time":"2026-09-10T03:23:34.216456383Z","level":"INFO","msg":"filestream: sending request","total_files":2,"events_offset":46,"events_lines":2,"console_offset":127,"console_lines":8}
{"time":"2026-09-10T03:23:34.33840644Z","level":"INFO","msg":"filestream: request sent","status":"200 OK"}
{"time":"2026-09-10T03:23:49.216603412Z","level":"INFO","msg":"filestream: sending request","total_files":2,"events_offset":48,"events_lines":2,"console_offset":134,"console_lines":1}
{"time":"2026-09-10T03:23:49.386333946Z","level":"INFO","msg":"filestream: request sent","status":"200 OK"}
{"time":"2026-09-10T03:24:04.216596519Z","level":"INFO","msg":"filestream: sending request","total_files":2,"events_offset":50,"events_lines":2,"console_offset":134,"console_lines":8}
{"time":"2026-09-10T03:24:04.435137072Z","level":"INFO","msg":"filestream: request sent","status":"200 OK"}
{"time":"2026-09-10T03:24:19.216056036Z","level":"INFO","msg":"filestream: sending request","total_files":2,"events_offset":52,"events_lines":2,"console_offset":141,"console_lines":1}
{"time":"2026-09-10T03:24:19.393451424Z","level":"INFO","msg":"filestream: request sent","status":"200 OK"}
{"time":"2026-09-10T03:24:34.216107486Z","level":"INFO","msg":"filestream: sending request","total_files":2,"events_offset":54,"events_lines":2,"console_offset":141,"console_lines":7}
{"time":"2026-09-10T03:24:34.368204935Z","level":"INFO","msg":"filestream: request sent","status":"200 OK"}
{"time":"2026-09-10T03:24:49.216515862Z","level":"INFO","msg":"filestream: sending request","total_files":2,"events_offset":56,"events_lines":2,"console_offset":148,"console_lines":1}
{"time":"2026-09-10T03:24:49.342671838Z","level":"INFO","msg":"filestream: request sent","status":"200 OK"}
{"time":"2026-09-10T03:25:04.216220665Z","level":"INFO","msg":"filestream: sending request","total_files":2,"events_offset":58,"events_lines":2,"console_offset":148,"console_lines":2}
{"time":"2026-09-10T03:25:04.393629179Z","level":"INFO","msg":"filestream: request sent","status":"200 OK"}
{"time":"2026-09-10T03:25:19.216442762Z","level":"INFO","msg":"filestream: sending request","total_files":2,"events_offset":60,"events_lines":2,"console_offset":149,"console_lines":7}
{"time":"2026-09-10T03:25:19.419334593Z","level":"INFO","msg":"filestream: request sent","status":"200 OK"}
{"time":"2026-09-10T03:25:34.216735025Z","level":"INFO","msg":"filestream: sending request","total_files":2,"events_offset":62,"events_lines":2,"console_offset":155,"console_lines":1}
{"time":"2026-09-10T03:25:34.467766391Z","level":"INFO","msg":"filestream: request sent","status":"200 OK"}
{"time":"2026-09-10T03:25:49.215966993Z","level":"INFO","msg":"filestream: sending request","total_files":2,"events_offset":64,"events_lines":2,"console_offset":155,"console_lines":8}
{"time":"2026-09-10T03:25:49.326505902Z","level":"INFO","msg":"filestream: request sent","status":"200 OK"}
{"time":"2026-09-10T03:26:04.215844919Z","level":"INFO","msg":"filestream: sending request","total_files":2,"events_offset":66,"events_lines":2,"console_offset":162,"console_lines":1}
{"time":"2026-09-10T03:26:04.581047216Z","level":"INFO","msg":"filestream: request sent","status":"200 OK"}
{"time":"2026-09-10T03:26:19.216463075Z","level":"INFO","msg":"filestream: sending request","total_files":2,"events_offset":68,"events_lines":2,"console_offset":162,"console_lines":8}
{"time":"2026-09-10T03:26:19.38374316Z","level":"INFO","msg":"filestream: request sent","status":"200 OK"}
{"time":"2026-09-10T03:26:34.216424426Z","level":"INFO","msg":"filestream: sending request","total_files":2,"events_offset":70,"events_lines":2,"console_offset":169,"console_lines":1}
{"time":"2026-09-10T03:26:34.487520865Z","level":"INFO","msg":"filestream: request sent","status":"200 OK"}
{"time":"2026-09-10T03:26:49.216410557Z","level":"INFO","msg":"filestream: sending request","total_files":2,"events_offset":72,"events_lines":2,"console_offset":169,"console_lines":8}
{"time":"2026-09-10T03:26:49.466935381Z","level":"INFO","msg":"filestream: request sent","status":"200 OK"}
{"time":"2026-09-10T03:27:04.215848844Z","level":"INFO","msg":"filestream: sending request","total_files":2,"events_offset":74,"events_lines":2,"console_offset":176,"console_lines":1}
{"time":"2026-09-10T03:27:04.356997709Z","level":"INFO","msg":"filestream: request sent","status":"200 OK"}
{"time":"2026-09-10T03:27:19.2161458Z","level":"INFO","msg":"filestream: sending request","total_files":2,"events_offset":76,"events_lines":2,"console_offset":176,"console_lines":8}
{"time":"2026-09-10T03:27:19.408208981Z","level":"INFO","msg":"filestream: request sent","status":"200 OK"}
{"time":"2026-09-10T03:27:34.216484632Z","level":"INFO","msg":"filestream: sending request","total_files":2,"events_offset":78,"events_lines":2,"console_offset":183,"console_lines":1}
{"time":"2026-09-10T03:27:34.556297907Z","level":"INFO","msg":"filestream: request sent","status":"200 OK"}
{"time":"2026-09-10T03:27:49.216815729Z","level":"INFO","msg":"filestream: sending request","total_files":2,"events_offset":80,"events_lines":2,"console_offset":183,"console_lines":8}
{"time":"2026-09-10T03:27:49.502558202Z","level":"INFO","msg":"filestream: request sent","status":"200 OK"}
{"time":"2026-09-10T03:28:04.216143259Z","level":"INFO","msg":"filestream: sending request","total_files":2,"events_offset":82,"events_lines":2,"console_offset":190,"console_lines":1}
{"time":"2026-09-10T03:28:04.469745884Z","level":"INFO","msg":"filestream: request sent","status":"200 OK"}
{"time":"2026-09-10T03:28:19.215831388Z","level":"INFO","msg":"filestream: sending request","total_files":2,"events_offset":84,"events_lines":2,"console_offset":190,"console_lines":3}
{"time":"2026-09-10T03:28:19.397486679Z","level":"INFO","msg":"filestream: request sent","status":"200 OK"}
{"time":"2026-09-10T03:28:34.21654045Z","level":"INFO","msg":"filestream: sending request","total_files":2,"events_offset":86,"events_lines":2,"console_offset":193,"console_lines":5}
{"time":"2026-09-10T03:28:34.437336817Z","level":"INFO","msg":"filestream: request sent","status":"200 OK"}
{"time":"2026-09-10T03:28:49.216745224Z","level":"INFO","msg":"filestream: sending request","total_files":2,"events_offset":88,"events_lines":2,"console_offset":197,"console_lines":1}
{"time":"2026-09-10T03:28:49.354433548Z","level":"INFO","msg":"filestream: request sent","status":"200 OK"}
{"time":"2026-09-10T03:29:04.215931771Z","level":"INFO","msg":"filestream: sending request","total_files":2,"events_offset":90,"events_lines":2,"console_offset":198,"console_lines":7}
{"time":"2026-09-10T03:29:04.36723003Z","level":"INFO","msg":"filestream: request sent","status":"200 OK"}
{"time":"2026-09-10T03:29:19.216101256Z","level":"INFO","msg":"filestream: sending request","total_files":2,"events_offset":92,"events_lines":2,"console_offset":204,"console_lines":1}
{"time":"2026-09-10T03:29:19.490453034Z","level":"INFO","msg":"filestream: request sent","status":"200 OK"}
{"time":"2026-09-10T03:29:34.21651754Z","level":"INFO","msg":"filestream: sending request","total_files":2,"events_offset":94,"events_lines":2,"console_offset":204,"console_lines":8}
{"time":"2026-09-10T03:29:34.51090615Z","level":"INFO","msg":"filestream: request sent","status":"200 OK"}
{"time":"2026-09-10T03:29:49.216362876Z","level":"INFO","msg":"filestream: sending request","total_files":2,"events_offset":96,"events_lines":2,"console_offset":211,"console_lines":1}
{"time":"2026-09-10T03:29:49.425988404Z","level":"INFO","msg":"filestream: request sent","status":"200 OK"}
{"time":"2026-09-10T03:30:04.216523437Z","level":"INFO","msg":"filestream: sending request","total_files":2,"events_offset":98,"events_lines":2,"console_offset":211,"console_lines":8}
{"time":"2026-09-10T03:30:04.395717716Z","level":"INFO","msg":"filestream: request sent","status":"200 OK"}
{"time":"2026-09-10T03:30:19.216181379Z","level":"INFO","msg":"filestream: sending request","total_files":2,"events_offset":100,"events_lines":2,"console_offset":218,"console_lines":1}
{"time":"2026-09-10T03:30:19.453168359Z","level":"INFO","msg":"filestream: request sent","status":"200 OK"}
{"time":"2026-09-10T03:30:34.216048148Z","level":"INFO","msg":"filestream: sending request","total_files":2,"events_offset":102,"events_lines":2,"console_offset":218,"console_lines":8}
{"time":"2026-09-10T03:30:34.52803403Z","level":"INFO","msg":"filestream: request sent","status":"200 OK"}
{"time":"2026-09-10T03:30:49.216446741Z","level":"INFO","msg":"filestream: sending request","total_files":2,"events_offset":104,"events_lines":2,"console_offset":225,"console_lines":1}
{"time":"2026-09-10T03:30:49.366753716Z","level":"INFO","msg":"filestream: request sent","status":"200 OK"}
{"time":"2026-09-10T03:31:04.216069884Z","level":"INFO","msg":"filestream: sending request","total_files":2,"events_offset":106,"events_lines":2,"console_offset":225,"console_lines":8}
{"time":"2026-09-10T03:31:04.384442178Z","level":"INFO","msg":"filestream: request sent","status":"200 OK"}
{"time":"2026-09-10T03:31:19.215930434Z","level":"INFO","msg":"filestream: sending request","total_files":2,"events_offset":108,"events_lines":2,"console_offset":232,"console_lines":1}
{"time":"2026-09-10T03:31:19.455809885Z","level":"INFO","msg":"filestream: request sent","status":"200 OK"}
{"time":"2026-09-10T03:31:34.216566697Z","level":"INFO","msg":"filestream: sending request","total_files":2,"events_offset":110,"events_lines":2,"console_offset":232,"console_lines":3}
{"time":"2026-09-10T03:31:34.544899844Z","level":"INFO","msg":"filestream: request sent","status":"200 OK"}
{"time":"2026-09-10T03:31:49.216273385Z","level":"INFO","msg":"filestream: sending request","total_files":2,"events_offset":112,"events_lines":2,"console_offset":235,"console_lines":5}
{"time":"2026-09-10T03:31:49.464562687Z","level":"INFO","msg":"filestream: request sent","status":"200 OK"}
{"time":"2026-09-10T03:32:04.21641534Z","level":"INFO","msg":"filestream: sending request","total_files":2,"events_offset":114,"events_lines":2,"console_offset":239,"console_lines":1}
{"time":"2026-09-10T03:32:04.62111411Z","level":"INFO","msg":"filestream: request sent","status":"200 OK"}
{"time":"2026-09-10T03:32:19.216812751Z","level":"INFO","msg":"filestream: sending request","total_files":2,"events_offset":116,"events_lines":2,"console_offset":240,"console_lines":7}
{"time":"2026-09-10T03:32:19.459372824Z","level":"INFO","msg":"filestream: request sent","status":"200 OK"}
{"time":"2026-09-10T03:32:34.215950613Z","level":"INFO","msg":"filestream: sending request","total_files":2,"events_offset":118,"events_lines":2,"console_offset":246,"console_lines":1}
{"time":"2026-09-10T03:32:34.336562823Z","level":"INFO","msg":"filestream: request sent","status":"200 OK"}
{"time":"2026-09-10T03:32:49.21612871Z","level":"INFO","msg":"filestream: sending request","total_files":2,"events_offset":120,"events_lines":2,"console_offset":246,"console_lines":8}
{"time":"2026-09-10T03:32:49.530209277Z","level":"INFO","msg":"filestream: request sent","status":"200 OK"}
{"time":"2026-09-10T03:33:04.216337377Z","level":"INFO","msg":"filestream: sending request","total_files":2,"events_offset":122,"events_lines":2,"console_offset":253,"console_lines":1}
{"time":"2026-09-10T03:33:04.388025574Z","level":"INFO","msg":"filestream: request sent","status":"200 OK"}
{"time":"2026-09-10T03:33:19.216290101Z","level":"INFO","msg":"filestream: sending request","total_files":2,"events_offset":124,"events_lines":2,"console_offset":253,"console_lines":8}
{"time":"2026-09-10T03:33:19.324206113Z","level":"INFO","msg":"filestream: request sent","status":"200 OK"}
{"time":"2026-09-10T03:33:34.216332728Z","level":"INFO","msg":"filestream: sending request","total_files":2,"events_offset":126,"events_lines":2,"console_offset":260,"console_lines":1}
{"time":"2026-09-10T03:33:34.362131775Z","level":"INFO","msg":"filestream: request sent","status":"200 OK"}
{"time":"2026-09-10T03:33:49.220016311Z","level":"INFO","msg":"filestream: sending request","total_files":2,"events_offset":128,"events_lines":2,"console_offset":260,"console_lines":8}
{"time":"2026-09-10T03:33:49.369113632Z","level":"INFO","msg":"filestream: request sent","status":"200 OK"}
{"time":"2026-09-10T03:34:04.215893517Z","level":"INFO","msg":"filestream: sending request","total_files":2,"events_offset":130,"events_lines":2,"console_offset":267,"console_lines":1}
{"time":"2026-09-10T03:34:04.48954271Z","level":"INFO","msg":"filestream: request sent","status":"200 OK"}
{"time":"2026-09-10T03:34:19.216233878Z","level":"INFO","msg":"filestream: sending request","total_files":2,"events_offset":132,"events_lines":2,"console_offset":267,"console_lines":8}
{"time":"2026-09-10T03:34:19.435345186Z","level":"INFO","msg":"filestream: request sent","status":"200 OK"}
{"time":"2026-09-10T03:34:34.215940609Z","level":"INFO","msg":"filestream: sending request","total_files":2,"events_offset":134,"events_lines":2,"console_offset":274,"console_lines":1}
{"time":"2026-09-10T03:34:34.494369596Z","level":"INFO","msg":"filestream: request sent","status":"200 OK"}
{"time":"2026-09-10T03:34:49.21634623Z","level":"INFO","msg":"filestream: sending request","total_files":2,"events_offset":136,"events_lines":2,"console_offset":274,"console_lines":3}
{"time":"2026-09-10T03:34:49.319885726Z","level":"INFO","msg":"filestream: request sent","status":"200 OK"}
{"time":"2026-09-10T03:35:04.216364625Z","level":"INFO","msg":"filestream: sending request","total_files":2,"events_offset":138,"events_lines":2,"console_offset":277,"console_lines":5}
{"time":"2026-09-10T03:35:04.434928792Z","level":"INFO","msg":"filestream: request sent","status":"200 OK"}
{"time":"2026-09-10T03:35:19.216472057Z","level":"INFO","msg":"filestream: sending request","total_files":2,"events_offset":140,"events_lines":2,"console_offset":281,"console_lines":1}
{"time":"2026-09-10T03:35:19.392755055Z","level":"INFO","msg":"filestream: request sent","status":"200 OK"}
{"time":"2026-09-10T03:35:34.21627373Z","level":"INFO","msg":"filestream: sending request","total_files":2,"events_offset":142,"events_lines":2,"console_offset":282,"console_lines":7}
{"time":"2026-09-10T03:35:34.371196634Z","level":"INFO","msg":"filestream: request sent","status":"200 OK"}
{"time":"2026-09-10T03:35:49.215864853Z","level":"INFO","msg":"filestream: sending request","total_files":2,"events_offset":144,"events_lines":2,"console_offset":288,"console_lines":1}
{"time":"2026-09-10T03:35:49.402402907Z","level":"INFO","msg":"filestream: request sent","status":"200 OK"}
{"time":"2026-09-10T03:36:04.215852131Z","level":"INFO","msg":"filestream: sending request","total_files":2,"events_offset":146,"events_lines":2,"console_offset":288,"console_lines":8}
{"time":"2026-09-10T03:36:04.493039505Z","level":"INFO","msg":"filestream: request sent","status":"200 OK"}
{"time":"2026-09-10T03:36:19.21651144Z","level":"INFO","msg":"filestream: sending request","total_files":2,"events_offset":148,"events_lines":2,"console_offset":295,"console_lines":1}
{"time":"2026-09-10T03:36:19.340859991Z","level":"INFO","msg":"filestream: request sent","status":"200 OK"}
{"time":"2026-09-10T03:36:34.216337836Z","level":"INFO","msg":"filestream: sending request","total_files":2,"events_offset":150,"events_lines":2,"console_offset":295,"console_lines":8}
{"time":"2026-09-10T03:36:34.418006755Z","level":"INFO","msg":"filestream: request sent","status":"200 OK"}
{"time":"2026-09-10T03:36:49.216528762Z","level":"INFO","msg":"filestream: sending request","total_files":2,"events_offset":152,"events_lines":2,"console_offset":302,"console_lines":1}
{"time":"2026-09-10T03:36:49.391184641Z","level":"INFO","msg":"filestream: request sent","status":"200 OK"}
{"time":"2026-09-10T03:37:04.215998238Z","level":"INFO","msg":"filestream: sending request","total_files":2,"events_offset":154,"events_lines":2,"console_offset":302,"console_lines":8}
{"time":"2026-09-10T03:37:04.510692699Z","level":"INFO","msg":"filestream: request sent","status":"200 OK"}
{"time":"2026-09-10T03:37:19.216484379Z","level":"INFO","msg":"filestream: sending request","total_files":2,"events_offset":156,"events_lines":2,"console_offset":309,"console_lines":1}
{"time":"2026-09-10T03:37:19.381991523Z","level":"INFO","msg":"filestream: request sent","status":"200 OK"}
{"time":"2026-09-10T03:37:34.216381377Z","level":"INFO","msg":"filestream: sending request","total_files":2,"events_offset":158,"events_lines":2,"console_offset":309,"console_lines":8}
{"time":"2026-09-10T03:37:34.458389045Z","level":"INFO","msg":"filestream: request sent","status":"200 OK"}
{"time":"2026-09-10T03:37:49.215818771Z","level":"INFO","msg":"filestream: sending request","total_files":2,"events_offset":160,"events_lines":2,"console_offset":316,"console_lines":1}
{"time":"2026-09-10T03:37:49.347908693Z","level":"INFO","msg":"filestream: request sent","status":"200 OK"}
{"time":"2026-09-10T03:38:04.21589433Z","level":"INFO","msg":"filestream: sending request","total_files":2,"events_offset":162,"events_lines":2,"console_offset":316,"console_lines":2}
{"time":"2026-09-10T03:38:04.493586769Z","level":"INFO","msg":"filestream: request sent","status":"200 OK"}
{"time":"2026-09-10T03:38:19.216274962Z","level":"INFO","msg":"filestream: sending request","total_files":2,"events_offset":164,"events_lines":2,"console_offset":317,"console_lines":7}
{"time":"2026-09-10T03:38:19.419464583Z","level":"INFO","msg":"filestream: request sent","status":"200 OK"}
{"time":"2026-09-10T03:38:34.215909877Z","level":"INFO","msg":"filestream: sending request","total_files":2,"events_offset":166,"events_lines":2,"console_offset":323,"console_lines":1}
{"time":"2026-09-10T03:38:34.532592874Z","level":"INFO","msg":"filestream: request sent","status":"200 OK"}
{"time":"2026-09-10T03:38:49.216125344Z","level":"INFO","msg":"filestream: sending request","total_files":2,"events_offset":168,"events_lines":2,"console_offset":324,"console_lines":7}
{"time":"2026-09-10T03:38:49.381303892Z","level":"INFO","msg":"filestream: request sent","status":"200 OK"}
{"time":"2026-09-10T03:39:04.215889563Z","level":"INFO","msg":"filestream: sending request","total_files":2,"events_offset":170,"events_lines":2,"console_offset":330,"console_lines":1}
{"time":"2026-09-10T03:39:04.373215329Z","level":"INFO","msg":"filestream: request sent","status":"200 OK"}
{"time":"2026-09-10T03:39:19.216035016Z","level":"INFO","msg":"filestream: sending request","total_files":2,"events_offset":172,"events_lines":2,"console_offset":330,"console_lines":8}
{"time":"2026-09-10T03:39:19.370860112Z","level":"INFO","msg":"filestream: request sent","status":"200 OK"}
{"time":"2026-09-10T03:39:34.216216437Z","level":"INFO","msg":"filestream: sending request","total_files":2,"events_offset":174,"events_lines":2,"console_offset":337,"console_lines":1}
{"time":"2026-09-10T03:39:34.563603909Z","level":"INFO","msg":"filestream: request sent","status":"200 OK"}
{"time":"2026-09-10T03:39:49.216062784Z","level":"INFO","msg":"filestream: sending request","total_files":2,"events_offset":176,"events_lines":2,"console_offset":337,"console_lines":10}
{"time":"2026-09-10T03:39:49.519684602Z","level":"INFO","msg":"filestream: request sent","status":"200 OK"}
{"time":"2026-09-10T03:40:04.216232302Z","level":"INFO","msg":"filestream: sending request","total_files":2,"events_offset":178,"events_lines":2,"console_offset":346,"console_lines":1}
{"time":"2026-09-10T03:40:04.39198524Z","level":"INFO","msg":"filestream: request sent","status":"200 OK"}
{"time":"2026-09-10T03:40:19.216585412Z","level":"INFO","msg":"filestream: sending request","total_files":2,"events_offset":180,"events_lines":2,"console_offset":346,"console_lines":8}
{"time":"2026-09-10T03:40:19.378533876Z","level":"INFO","msg":"filestream: request sent","status":"200 OK"}
{"time":"2026-09-10T03:40:34.215988622Z","level":"INFO","msg":"filestream: sending request","total_files":2,"events_offset":182,"events_lines":2,"console_offset":353,"console_lines":1}
{"time":"2026-09-10T03:40:34.386329184Z","level":"INFO","msg":"filestream: request sent","status":"200 OK"}
{"time":"2026-09-10T03:40:49.21671928Z","level":"INFO","msg":"filestream: sending request","total_files":2,"events_offset":184,"events_lines":2,"console_offset":353,"console_lines":8}
{"time":"2026-09-10T03:40:49.537405192Z","level":"INFO","msg":"filestream: request sent","status":"200 OK"}
{"time":"2026-09-10T03:41:04.216095062Z","level":"INFO","msg":"filestream: sending request","total_files":2,"events_offset":186,"events_lines":2,"console_offset":360,"console_lines":1}
{"time":"2026-09-10T03:41:04.36415355Z","level":"INFO","msg":"filestream: request sent","status":"200 OK"}
{"time":"2026-09-10T03:41:19.216066596Z","level":"INFO","msg":"filestream: sending request","total_files":2,"events_offset":188,"events_lines":2,"console_offset":360,"console_lines":3}
{"time":"2026-09-10T03:41:19.552436512Z","level":"INFO","msg":"filestream: request sent","status":"200 OK"}
{"time":"2026-09-10T03:41:34.21607026Z","level":"INFO","msg":"filestream: sending request","total_files":2,"events_offset":190,"events_lines":2,"console_offset":363,"console_lines":5}
{"time":"2026-09-10T03:41:34.472569057Z","level":"INFO","msg":"filestream: request sent","status":"200 OK"}
{"time":"2026-09-10T03:41:49.215870841Z","level":"INFO","msg":"filestream: sending request","total_files":2,"events_offset":192,"events_lines":2,"console_offset":367,"console_lines":1}
{"time":"2026-09-10T03:41:49.41242958Z","level":"INFO","msg":"filestream: request sent","status":"200 OK"}
{"time":"2026-09-10T03:42:04.215898116Z","level":"INFO","msg":"filestream: sending request","total_files":2,"events_offset":194,"events_lines":2,"console_offset":368,"console_lines":7}
{"time":"2026-09-10T03:42:04.37297567Z","level":"INFO","msg":"filestream: request sent","status":"200 OK"}
{"time":"2026-09-10T03:42:19.21583057Z","level":"INFO","msg":"filestream: sending request","total_files":2,"events_offset":196,"events_lines":2,"console_offset":374,"console_lines":1}
{"time":"2026-09-10T03:42:19.324834712Z","level":"INFO","msg":"filestream: request sent","status":"200 OK"}
{"time":"2026-09-10T03:42:34.216661498Z","level":"INFO","msg":"filestream: sending request","total_files":2,"events_offset":198,"events_lines":2,"console_offset":374,"console_lines":8}
{"time":"2026-09-10T03:42:34.444325101Z","level":"INFO","msg":"filestream: request sent","status":"200 OK"}
{"time":"2026-09-10T03:42:49.215983865Z","level":"INFO","msg":"filestream: sending request","total_files":2,"events_offset":200,"events_lines":2,"console_offset":381,"console_lines":1}
{"time":"2026-09-10T03:42:49.407829325Z","level":"INFO","msg":"filestream: request sent","status":"200 OK"}
{"time":"2026-09-10T03:43:04.216143681Z","level":"INFO","msg":"filestream: sending request","total_files":2,"events_offset":202,"events_lines":2,"console_offset":381,"console_lines":8}
{"time":"2026-09-10T03:43:04.448970671Z","level":"INFO","msg":"filestream: request sent","status":"200 OK"}
{"time":"2026-09-10T03:43:19.216695907Z","level":"INFO","msg":"filestream: sending request","total_files":2,"events_offset":204,"events_lines":2,"console_offset":388,"console_lines":1}
{"time":"2026-09-10T03:43:19.371317014Z","level":"INFO","msg":"filestream: request sent","status":"200 OK"}
{"time":"2026-09-10T03:43:34.216617345Z","level":"INFO","msg":"filestream: sending request","total_files":2,"events_offset":206,"events_lines":2,"console_offset":388,"console_lines":8}
{"time":"2026-09-10T03:43:34.392575953Z","level":"INFO","msg":"filestream: request sent","status":"200 OK"}
{"time":"2026-09-10T03:43:49.215914436Z","level":"INFO","msg":"filestream: sending request","total_files":2,"events_offset":208,"events_lines":2,"console_offset":395,"console_lines":1}
{"time":"2026-09-10T03:43:49.426936774Z","level":"INFO","msg":"filestream: request sent","status":"200 OK"}
{"time":"2026-09-10T03:44:04.216457488Z","level":"INFO","msg":"filestream: sending request","total_files":2,"events_offset":210,"events_lines":2,"console_offset":395,"console_lines":8}
{"time":"2026-09-10T03:44:04.438431569Z","level":"INFO","msg":"filestream: request sent","status":"200 OK"}
{"time":"2026-09-10T03:44:19.215979025Z","level":"INFO","msg":"filestream: sending request","total_files":2,"events_offset":212,"events_lines":2,"console_offset":402,"console_lines":1}
{"time":"2026-09-10T03:44:19.391153677Z","level":"INFO","msg":"filestream: request sent","status":"200 OK"}
{"time":"2026-09-10T03:44:34.21624971Z","level":"INFO","msg":"filestream: sending request","total_files":2,"events_offset":214,"events_lines":2,"console_offset":402,"console_lines":8}
{"time":"2026-09-10T03:44:34.653081345Z","level":"INFO","msg":"filestream: request sent","status":"200 OK"}
{"time":"2026-09-10T03:44:49.215895351Z","level":"INFO","msg":"filestream: sending request","total_files":2,"events_offset":216,"events_lines":2,"console_offset":409,"console_lines":1}
{"time":"2026-09-10T03:44:49.370422612Z","level":"INFO","msg":"filestream: request sent","status":"200 OK"}
{"time":"2026-09-10T03:45:04.216595239Z","level":"INFO","msg":"filestream: sending request","total_files":2,"events_offset":218,"events_lines":2,"console_offset":409,"console_lines":5}
{"time":"2026-09-10T03:45:04.376933881Z","level":"INFO","msg":"filestream: request sent","status":"200 OK"}
{"time":"2026-09-10T03:45:19.216598801Z","level":"INFO","msg":"filestream: sending request","total_files":2,"events_offset":220,"events_lines":2,"console_offset":414,"console_lines":19}
{"time":"2026-09-10T03:45:19.429184427Z","level":"INFO","msg":"filestream: request sent","status":"200 OK"}
{"time":"2026-09-10T03:45:19.795945536Z","level":"INFO","msg":"fileTransfer: Close: file transfer manager closed"}
{"time":"2026-09-10T03:45:19.796098327Z","level":"INFO","msg":"filestream: sending request","total_files":1,"uploaded_len":3,"complete":true,"exit_code":0}
{"time":"2026-09-10T03:45:19.937601421Z","level":"INFO","msg":"filestream: request sent","status":"200 OK"}
{"time":"2026-09-10T03:45:19.940337494Z","level":"INFO","msg":"handler: operation stats","stats":{}}
{"time":"2026-09-10T03:45:19.946885674Z","level":"INFO","msg":"stream: finishing up"}
{"time":"2026-09-10T03:45:19.946899092Z","level":"INFO","msg":"handler: closed"}
{"time":"2026-09-10T03:45:19.946974306Z","level":"INFO","msg":"sender: closed"}
{"time":"2026-09-10T03:45:19.94698073Z","level":"INFO","msg":"stream: all finished"}
