[KDownloading https://github.com/ultralytics/assets/releases/download/v8.4.0/yolov8n.pt to 'yolov8n.pt': 100% ━━━━━━━━━━━━ 6.2MB 78.7MB/s 0.1s
Ultralytics 8.4.146 🚀 Python-3.12.13 torch-2.10.0+cu128 CUDA:0 (Tesla T4, 14912MiB)
[34m[1mengine/trainer: [0magnostic_nms=False, amp=True, angle=1.0, augment=False, auto_augment=randaugment, batch=32, bgr=0.0, box=7.5, cache=False, cfg=None, channels_last=None, classes=None, close_mosaic=10, cls=0.5, cls_pw=0.0, cls_remap=True, compile=False, conf=None, copy_paste=0.0, copy_paste_mode=flip, cos_lr=False, cutmix=0.0, data=/kaggle/working/basketball_dataset/data.yaml, degrees=10.0, deterministic=True, device=0, dfl=1.5, dgrad=0.5, dis=6.0, distill_model=None, dlam=1.0, dlog=1.0, dnn=False, dropout=0.0, dynamic=False, embed=None, epochs=50, erasing=0.4, exist_ok=False, fliplr=0.0, flipud=0.0, format=torchscript, fraction=1.0, freeze=None, hsv_h=0.015, hsv_s=0.7, hsv_v=0.4, imgsz=640, iou=0.7, keras=False, kobj=1.0, line_width=None, lr0=0.01, lrf=0.01, mask_ratio=4, max_det=300, mixup=0.1, mode=train, model=yolov8n.pt, momentum=0.937, mosaic=1.0, multi_scale=0.0, name=yolov8n_player_detector, nbs=64, nms=None, opset=None, optimize=False, optimizer=auto, overlap_mask=True, patience=15, perspective=0.0, plots=True, pose=12.0, pretrained=True, profile=False, project=basketball_detection, quantize=None, rect=False, resume=False, retina_masks=False, rle=1.0, save=True, save_conf=False, save_crop=False, save_dir=/kaggle/working/runs/detect/basketball_detection/yolov8n_player_detector, save_frames=False, save_json=False, save_period=-1, save_txt=False, scale=0.5, seed=42, shear=0.0, show=False, show_boxes=True, show_conf=True, show_labels=True, simplify=True, single_cls=False, source=None, split=val, stream_buffer=False, task=detect, time=None, tracker=tracktrack.yaml, translate=0.1, val=True, verbose=True, vid_stride=1, visualize=False, warmup_bias_lr=0.1, warmup_epochs=3.0, warmup_momentum=0.8, weight_decay=0.0005, workers=8, workspace=None
[KDownloading https://ultralytics.com/assets/Arial.ttf to '/root/.config/Ultralytics/Arial.ttf': 100% ━━━━━━━━━━━━ 755.1KB 15.4MB/s 0.0s
Overriding model.yaml nc=80 with nc=10

                   from  n    params  module                                       arguments
  0                  -1  1       464  ultralytics.nn.modules.conv.Conv             [3, 16, 3, 2]
  1                  -1  1      4672  ultralytics.nn.modules.conv.Conv             [16, 32, 3, 2]
  2                  -1  1      7360  ultralytics.nn.modules.block.C2f             [32, 32, 1, True]
  3                  -1  1     18560  ultralytics.nn.modules.conv.Conv             [32, 64, 3, 2]
  4                  -1  2     49664  ultralytics.nn.modules.block.C2f             [64, 64, 2, True]
  5                  -1  1     73984  ultralytics.nn.modules.conv.Conv             [64, 128, 3, 2]
  6                  -1  2    197632  ultralytics.nn.modules.block.C2f             [128, 128, 2, True]
  7                  -1  1    295424  ultralytics.nn.modules.conv.Conv             [128, 256, 3, 2]
  8                  -1  1    460288  ultralytics.nn.modules.block.C2f             [256, 256, 1, True]
  9                  -1  1    164608  ultralytics.nn.modules.block.SPPF            [256, 256, 5]
 10                  -1  1         0  torch.nn.modules.upsampling.Upsample         [None, 2, 'nearest']
 11             [-1, 6]  1         0  ultralytics.nn.modules.conv.Concat           [1]
 12                  -1  1    148224  ultralytics.nn.modules.block.C2f             [384, 128, 1]
 13                  -1  1         0  torch.nn.modules.upsampling.Upsample         [None, 2, 'nearest']
 14             [-1, 4]  1         0  ultralytics.nn.modules.conv.Concat           [1]
 15                  -1  1     37248  ultralytics.nn.modules.block.C2f             [192, 64, 1]
 16                  -1  1     36992  ultralytics.nn.modules.conv.Conv             [64, 64, 3, 2]
 17            [-1, 12]  1         0  ultralytics.nn.modules.conv.Concat           [1]
 18                  -1  1    123648  ultralytics.nn.modules.block.C2f             [192, 128, 1]
 19                  -1  1    147712  ultralytics.nn.modules.conv.Conv             [128, 128, 3, 2]
 20             [-1, 9]  1         0  ultralytics.nn.modules.conv.Concat           [1]
 21                  -1  1    493056  ultralytics.nn.modules.block.C2f             [384, 256, 1]
 22        [15, 18, 21]  1    753262  ultralytics.nn.modules.head.Detect           [10, 16, None, [64, 128, 256]]
Model summary: 129 layers, 3,012,798 parameters, 3,012,782 gradients, 8.2 GFLOPs

Transferred 319/355 items from pretrained weights
Freezing layer 'model.22.dfl.conv.weight'
[34m[1mAMP: [0mrunning Automatic Mixed Precision (AMP) checks...
[34m[1mAMP: [0mdownloading yolo26n.pt for AMP checks (one-time, not used for training)...
[KDownloading https://github.com/ultralytics/assets/releases/download/v8.4.0/yolo26n.pt to 'weights/yolo26n.pt': 100% ━━━━━━━━━━━━ 5.3MB 70.8MB/s 0.1s
[34m[1mAMP: [0mchecks passed ✅
[34m[1mtrain: [0mFast image access ✅ (ping: 0.0±0.0 ms, read: 3359.2±940.6 MB/s, size: 246.7 KB)
[K[34m[1mtrain: [0mScanning /kaggle/working/basketball_dataset/train/labels... 464 images, 0 backgrounds, 0 corrupt: 100% ━━━━━━━━━━━━ 464/464 1.2Kit/s 0.4s<0.2s
[34m[1mtrain: [0mNew cache created: /kaggle/working/basketball_dataset/train/labels.cache
[34m[1malbumentations: [0mBlur(p=0.01, blur_limit=(3, 7)), MedianBlur(p=0.01, blur_limit=(3, 7)), ToGray(p=0.01, method='weighted_average', num_output_channels=3), CLAHE(p=0.01, clip_limit=(1.0, 4.0), tile_grid_size=(8, 8))
[34m[1mval: [0mFast image access ✅ (ping: 0.0±0.0 ms, read: 1632.2±1223.1 MB/s, size: 264.2 KB)
[K[34m[1mval: [0mScanning /kaggle/working/basketball_dataset/valid/labels... 96 images, 0 backgrounds, 0 corrupt: 100% ━━━━━━━━━━━━ 96/96 1.1Kit/s 0.1s
[34m[1mval: [0mNew cache created: /kaggle/working/basketball_dataset/valid/labels.cache
[34m[1moptimizer:[0m 'optimizer=auto' found, ignoring 'lr0=0.01' and 'momentum=0.937' and determining best 'optimizer', 'lr0' and 'momentum' automatically...
[34m[1moptimizer:[0m AdamW(lr=0.000714, momentum=0.9) with parameter groups 57 weight(decay=0.0), 64 weight(decay=0.0005), 63 bias(decay=0.0)
Plotting labels to /kaggle/working/runs/detect/basketball_detection/yolov8n_player_detector/labels.jpg...
Using 464 train, 96 val images for fraction=1.0 at imgsz=640
Using 2 dataloader workers
Logging results to [1m/kaggle/working/runs/detect/basketball_detection/yolov8n_player_detector[0m
Starting training for 50 epochs...

      Epoch    GPU_mem   box_loss   cls_loss   dfl_loss  Instances       Size
[K       1/50      4.61G      2.043      4.078      1.556        750        640: 100% ━━━━━━━━━━━━ 15/15 2.3it/s 6.4s0.3s
[K                 Class     Images  Instances      Box(P          R      mAP50  mAP50-95): 100% ━━━━━━━━━━━━ 2/2 1.0s/it 2.0s5.6s
                   all         96       1953     0.0218      0.304     0.0613     0.0188
/usr/local/lib/python3.12/dist-packages/ray/train/_internal/session.py:676: UserWarning: `get_trial_id` is meant to only be called inside a function that is executed by a Tuner or Trainer. Returning `None`.
  warnings.warn(

      Epoch    GPU_mem   box_loss   cls_loss   dfl_loss  Instances       Size
[K       2/50      4.62G      1.663      2.153      1.259        554        640: 100% ━━━━━━━━━━━━ 15/15 4.3it/s 3.5s0.2s
[K                 Class     Images  Instances      Box(P          R      mAP50  mAP50-95): 100% ━━━━━━━━━━━━ 2/2 2.8it/s 0.7s1.3s
                   all         96       1953     0.0323      0.329     0.0811     0.0299

      Epoch    GPU_mem   box_loss   cls_loss   dfl_loss  Instances       Size
[K       3/50      4.62G      1.583      1.723      1.223        592        640: 100% ━━━━━━━━━━━━ 15/15 4.3it/s 3.5s0.2s
[K                 Class     Images  Instances      Box(P          R      mAP50  mAP50-95): 100% ━━━━━━━━━━━━ 2/2 2.7it/s 0.7s1.4s
                   all         96       1953      0.891     0.0834      0.101     0.0426

      Epoch    GPU_mem   box_loss   cls_loss   dfl_loss  Instances       Size
[K       4/50      4.62G      1.541      1.418       1.18        872        640: 100% ━━━━━━━━━━━━ 15/15 3.5it/s 4.3s0.2s
[K                 Class     Images  Instances      Box(P          R      mAP50  mAP50-95): 100% ━━━━━━━━━━━━ 2/2 3.5it/s 0.6s1.3s
                   all         96       1953       0.92      0.112      0.137     0.0604

      Epoch    GPU_mem   box_loss   cls_loss   dfl_loss  Instances       Size
[K       5/50      4.62G      1.428      1.228      1.121        675        640: 100% ━━━━━━━━━━━━ 15/15 3.4it/s 4.5s0.2s
[K                 Class     Images  Instances      Box(P          R      mAP50  mAP50-95): 100% ━━━━━━━━━━━━ 2/2 3.4it/s 0.6s1.2s
                   all         96       1953      0.896      0.106      0.149     0.0759

      Epoch    GPU_mem   box_loss   cls_loss   dfl_loss  Instances       Size
[K       6/50      4.92G      1.447      1.162      1.126        569        640: 100% ━━━━━━━━━━━━ 15/15 3.3it/s 4.5s0.2s
[K                 Class     Images  Instances      Box(P          R      mAP50  mAP50-95): 100% ━━━━━━━━━━━━ 2/2 2.9it/s 0.7s1.1s
                   all         96       1953      0.936      0.151      0.216      0.104

      Epoch    GPU_mem   box_loss   cls_loss   dfl_loss  Instances       Size
[K       7/50      4.92G      1.412      1.105      1.099        751        640: 100% ━━━━━━━━━━━━ 15/15 3.7it/s 4.0s0.2s
[K                 Class     Images  Instances      Box(P          R      mAP50  mAP50-95): 100% ━━━━━━━━━━━━ 2/2 3.3it/s 0.6s1.3s
                   all         96       1953      0.889      0.247      0.289      0.144

      Epoch    GPU_mem   box_loss   cls_loss   dfl_loss  Instances       Size
[K       8/50      4.92G      1.303      1.026      1.065        714        640: 100% ━━━━━━━━━━━━ 15/15 3.5it/s 4.2s0.2s
[K                 Class     Images  Instances      Box(P          R      mAP50  mAP50-95): 100% ━━━━━━━━━━━━ 2/2 2.7it/s 0.7s1.2s
                   all         96       1953      0.945      0.276       0.34      0.175

      Epoch    GPU_mem   box_loss   cls_loss   dfl_loss  Instances       Size
[K       9/50      4.92G      1.322      1.011      1.071        727        640: 100% ━━━━━━━━━━━━ 15/15 3.6it/s 4.1s0.2s
[K                 Class     Images  Instances      Box(P          R      mAP50  mAP50-95): 100% ━━━━━━━━━━━━ 2/2 2.9it/s 0.7s1.1s
                   all         96       1953      0.809        0.3      0.346      0.168

      Epoch    GPU_mem   box_loss   cls_loss   dfl_loss  Instances       Size
[K      10/50      4.92G       1.28     0.9669       1.05        619        640: 100% ━━━━━━━━━━━━ 15/15 3.6it/s 4.2s0.2s
[K                 Class     Images  Instances      Box(P          R      mAP50  mAP50-95): 100% ━━━━━━━━━━━━ 2/2 3.4it/s 0.6s1.2s
                   all         96       1953      0.817      0.314      0.373      0.181

      Epoch    GPU_mem   box_loss   cls_loss   dfl_loss  Instances       Size
[K      11/50      4.92G      1.274     0.9436      1.039        786        640: 100% ━━━━━━━━━━━━ 15/15 3.8it/s 3.9s0.2s
[K                 Class     Images  Instances      Box(P          R      mAP50  mAP50-95): 100% ━━━━━━━━━━━━ 2/2 3.1it/s 0.7s1.4s
                   all         96       1953      0.838      0.337      0.421      0.215

      Epoch    GPU_mem   box_loss   cls_loss   dfl_loss  Instances       Size
[K      12/50      4.92G      1.229      0.911      1.032        597        640: 100% ━━━━━━━━━━━━ 15/15 3.5it/s 4.2s0.2s
[K                 Class     Images  Instances      Box(P          R      mAP50  mAP50-95): 100% ━━━━━━━━━━━━ 2/2 3.6it/s 0.6s1.2s
                   all         96       1953      0.763      0.405      0.449       0.23

      Epoch    GPU_mem   box_loss   cls_loss   dfl_loss  Instances       Size
[K      13/50      4.92G       1.25     0.9114       1.04        840        640: 100% ━━━━━━━━━━━━ 15/15 3.4it/s 4.4s0.2s
[K                 Class     Images  Instances      Box(P          R      mAP50  mAP50-95): 100% ━━━━━━━━━━━━ 2/2 3.4it/s 0.6s1.3s
                   all         96       1953      0.841      0.395      0.481      0.249

      Epoch    GPU_mem   box_loss   cls_loss   dfl_loss  Instances       Size
[K      14/50      5.22G      1.201     0.8733      1.018        647        640: 100% ━━━━━━━━━━━━ 15/15 3.4it/s 4.5s0.2s
[K                 Class     Images  Instances      Box(P          R      mAP50  mAP50-95): 100% ━━━━━━━━━━━━ 2/2 3.5it/s 0.6s1.3s
                   all         96       1953      0.876       0.38      0.467      0.241

      Epoch    GPU_mem   box_loss   cls_loss   dfl_loss  Instances       Size
[K      15/50      5.22G       1.19     0.8643      1.014        539        640: 100% ━━━━━━━━━━━━ 15/15 3.2it/s 4.6s0.2s
[K                 Class     Images  Instances      Box(P          R      mAP50  mAP50-95): 100% ━━━━━━━━━━━━ 2/2 3.6it/s 0.6s1.2s
                   all         96       1953      0.852      0.415      0.475      0.238

      Epoch    GPU_mem   box_loss   cls_loss   dfl_loss  Instances       Size
[K      16/50      5.22G      1.203     0.8557      1.019        562        640: 100% ━━━━━━━━━━━━ 15/15 3.4it/s 4.4s0.2s
[K                 Class     Images  Instances      Box(P          R      mAP50  mAP50-95): 100% ━━━━━━━━━━━━ 2/2 3.3it/s 0.6s1.4s
                   all         96       1953      0.881      0.429      0.491       0.26

      Epoch    GPU_mem   box_loss   cls_loss   dfl_loss  Instances       Size
[K      17/50      5.22G      1.158     0.8039     0.9954        656        640: 100% ━━━━━━━━━━━━ 15/15 3.4it/s 4.4s0.2s
[K                 Class     Images  Instances      Box(P          R      mAP50  mAP50-95): 100% ━━━━━━━━━━━━ 2/2 3.0it/s 0.7s1.2s
                   all         96       1953      0.906      0.434      0.499      0.263

      Epoch    GPU_mem   box_loss   cls_loss   dfl_loss  Instances       Size
[K      18/50      5.22G      1.174     0.8176      1.012        534        640: 100% ━━━━━━━━━━━━ 15/15 3.6it/s 4.1s0.2s
[K                 Class     Images  Instances      Box(P          R      mAP50  mAP50-95): 100% ━━━━━━━━━━━━ 2/2 3.0it/s 0.7s1.4s
                   all         96       1953      0.919      0.423      0.518      0.262

      Epoch    GPU_mem   box_loss   cls_loss   dfl_loss  Instances       Size
[K      19/50      5.53G      1.223     0.8231      1.014        706        640: 100% ━━━━━━━━━━━━ 15/15 3.4it/s 4.4s0.2s
[K                 Class     Images  Instances      Box(P          R      mAP50  mAP50-95): 100% ━━━━━━━━━━━━ 2/2 3.1it/s 0.6s1.3s
                   all         96       1953      0.724      0.508       0.52      0.249

      Epoch    GPU_mem   box_loss   cls_loss   dfl_loss  Instances       Size
[K      20/50      5.53G       1.16     0.7941     0.9948        568        640: 100% ━━━━━━━━━━━━ 15/15 3.9it/s 3.8s0.2s
[K                 Class     Images  Instances      Box(P          R      mAP50  mAP50-95): 100% ━━━━━━━━━━━━ 2/2 3.5it/s 0.6s1.3s
                   all         96       1953       0.77      0.474      0.519      0.276

      Epoch    GPU_mem   box_loss   cls_loss   dfl_loss  Instances       Size
[K      21/50      5.53G      1.145      0.789     0.9967        461        640: 100% ━━━━━━━━━━━━ 15/15 3.5it/s 4.3s0.2s
[K                 Class     Images  Instances      Box(P          R      mAP50  mAP50-95): 100% ━━━━━━━━━━━━ 2/2 3.2it/s 0.6s1.5s
                   all         96       1953      0.744      0.512      0.542      0.297

      Epoch    GPU_mem   box_loss   cls_loss   dfl_loss  Instances       Size
[K      22/50      5.53G      1.159     0.7859      1.002        764        640: 100% ━━━━━━━━━━━━ 15/15 3.8it/s 3.9s0.2s
[K                 Class     Images  Instances      Box(P          R      mAP50  mAP50-95): 100% ━━━━━━━━━━━━ 2/2 2.9it/s 0.7s1.3s
                   all         96       1953      0.793      0.503      0.553       0.29

      Epoch    GPU_mem   box_loss   cls_loss   dfl_loss  Instances       Size
[K      23/50      5.53G      1.134      0.768     0.9911        735        640: 100% ━━━━━━━━━━━━ 15/15 3.7it/s 4.0s0.2s
[K                 Class     Images  Instances      Box(P          R      mAP50  mAP50-95): 100% ━━━━━━━━━━━━ 2/2 3.2it/s 0.6s1.4s
                   all         96       1953      0.747       0.51      0.558      0.312

      Epoch    GPU_mem   box_loss   cls_loss   dfl_loss  Instances       Size
[K      24/50      5.53G       1.15     0.7763     0.9927        674        640: 100% ━━━━━━━━━━━━ 15/15 3.9it/s 3.9s0.2s
[K                 Class     Images  Instances      Box(P          R      mAP50  mAP50-95): 100% ━━━━━━━━━━━━ 2/2 3.1it/s 0.6s1.5s
                   all         96       1953      0.824      0.477      0.562      0.303

      Epoch    GPU_mem   box_loss   cls_loss   dfl_loss  Instances       Size
[K      25/50      5.53G      1.102     0.7395      0.974        527        640: 100% ━━━━━━━━━━━━ 15/15 3.5it/s 4.3s0.2s
[K                 Class     Images  Instances      Box(P          R      mAP50  mAP50-95): 100% ━━━━━━━━━━━━ 2/2 3.8it/s 0.5s1.2s
                   all         96       1953      0.925      0.437      0.545        0.3

      Epoch    GPU_mem   box_loss   cls_loss   dfl_loss  Instances       Size
[K      26/50      5.53G      1.105     0.7382     0.9849        563        640: 100% ━━━━━━━━━━━━ 15/15 3.4it/s 4.4s0.2s
[K                 Class     Images  Instances      Box(P          R      mAP50  mAP50-95): 100% ━━━━━━━━━━━━ 2/2 3.2it/s 0.6s1.2s
                   all         96       1953       0.93      0.442      0.545      0.302

      Epoch    GPU_mem   box_loss   cls_loss   dfl_loss  Instances       Size
[K      27/50      5.53G      1.093     0.7245     0.9689        768        640: 100% ━━━━━━━━━━━━ 15/15 3.5it/s 4.3s0.2s
[K                 Class     Images  Instances      Box(P          R      mAP50  mAP50-95): 100% ━━━━━━━━━━━━ 2/2 3.4it/s 0.6s1.3s
                   all         96       1953      0.586      0.521      0.569      0.308

      Epoch    GPU_mem   box_loss   cls_loss   dfl_loss  Instances       Size
[K      28/50      5.53G      1.116     0.7388     0.9834        707        640: 100% ━━━━━━━━━━━━ 15/15 3.6it/s 4.2s0.2s
[K                 Class     Images  Instances      Box(P          R      mAP50  mAP50-95): 100% ━━━━━━━━━━━━ 2/2 3.3it/s 0.6s1.3s
                   all         96       1953      0.782      0.479      0.584      0.314

      Epoch    GPU_mem   box_loss   cls_loss   dfl_loss  Instances       Size
[K      29/50      5.53G      1.092     0.7244     0.9737        886        640: 100% ━━━━━━━━━━━━ 15/15 3.8it/s 4.0s0.2s
[K                 Class     Images  Instances      Box(P          R      mAP50  mAP50-95): 100% ━━━━━━━━━━━━ 2/2 3.8it/s 0.5s1.1s
                   all         96       1953      0.924      0.437      0.573      0.313

      Epoch    GPU_mem   box_loss   cls_loss   dfl_loss  Instances       Size
[K      30/50      5.53G      1.087     0.7149     0.9709        644        640: 100% ━━━━━━━━━━━━ 15/15 3.6it/s 4.2s0.2s
[K                 Class     Images  Instances      Box(P          R      mAP50  mAP50-95): 100% ━━━━━━━━━━━━ 2/2 3.5it/s 0.6s1.2s
                   all         96       1953      0.504      0.484      0.568      0.315

      Epoch    GPU_mem   box_loss   cls_loss   dfl_loss  Instances       Size
[K      31/50      5.53G      1.081      0.695      0.967        553        640: 100% ━━━━━━━━━━━━ 15/15 3.4it/s 4.4s0.2s
[K                 Class     Images  Instances      Box(P          R      mAP50  mAP50-95): 100% ━━━━━━━━━━━━ 2/2 3.4it/s 0.6s1.2s
                   all         96       1953      0.815      0.518      0.598      0.339

      Epoch    GPU_mem   box_loss   cls_loss   dfl_loss  Instances       Size
[K      32/50      5.53G        1.1     0.7202     0.9767        630        640: 100% ━━━━━━━━━━━━ 15/15 3.3it/s 4.5s0.2s
[K                 Class     Images  Instances      Box(P          R      mAP50  mAP50-95): 100% ━━━━━━━━━━━━ 2/2 3.6it/s 0.6s1.1s
                   all         96       1953      0.875      0.499      0.594      0.345

      Epoch    GPU_mem   box_loss   cls_loss   dfl_loss  Instances       Size
[K      33/50      5.53G      1.083     0.7034     0.9675        708        640: 100% ━━━━━━━━━━━━ 15/15 3.4it/s 4.4s0.2s
[K                 Class     Images  Instances      Box(P          R      mAP50  mAP50-95): 100% ━━━━━━━━━━━━ 2/2 3.0it/s 0.7s1.1s
                   all         96       1953      0.663      0.541      0.596      0.326

      Epoch    GPU_mem   box_loss   cls_loss   dfl_loss  Instances       Size
[K      34/50      5.53G      1.091     0.6964      0.967        643        640: 100% ━━━━━━━━━━━━ 15/15 3.8it/s 3.9s0.2s
[K                 Class     Images  Instances      Box(P          R      mAP50  mAP50-95): 100% ━━━━━━━━━━━━ 2/2 3.2it/s 0.6s1.3s
                   all         96       1953      0.709      0.528      0.602      0.345

      Epoch    GPU_mem   box_loss   cls_loss   dfl_loss  Instances       Size
[K      35/50      5.53G      1.124     0.6946     0.9731        678        640: 100% ━━━━━━━━━━━━ 15/15 3.6it/s 4.2s0.2s
[K                 Class     Images  Instances      Box(P          R      mAP50  mAP50-95): 100% ━━━━━━━━━━━━ 2/2 3.2it/s 0.6s1.3s
                   all         96       1953      0.706      0.537      0.607      0.352

      Epoch    GPU_mem   box_loss   cls_loss   dfl_loss  Instances       Size
[K      36/50      5.53G      1.133     0.7024     0.9853        864        640: 100% ━━━━━━━━━━━━ 15/15 3.6it/s 4.1s0.2s
[K                 Class     Images  Instances      Box(P          R      mAP50  mAP50-95): 100% ━━━━━━━━━━━━ 2/2 3.4it/s 0.6s1.3s
                   all         96       1953      0.738      0.522      0.615       0.34

      Epoch    GPU_mem   box_loss   cls_loss   dfl_loss  Instances       Size
[K      37/50      5.53G      1.049     0.6674     0.9576        563        640: 100% ━━━━━━━━━━━━ 15/15 3.6it/s 4.2s0.2s
[K                 Class     Images  Instances      Box(P          R      mAP50  mAP50-95): 100% ━━━━━━━━━━━━ 2/2 3.0it/s 0.7s1.3s
                   all         96       1953      0.591       0.54      0.612      0.341

      Epoch    GPU_mem   box_loss   cls_loss   dfl_loss  Instances       Size
[K      38/50      5.53G      1.039     0.6622     0.9528        589        640: 100% ━━━━━━━━━━━━ 15/15 3.7it/s 4.0s0.2s
[K                 Class     Images  Instances      Box(P          R      mAP50  mAP50-95): 100% ━━━━━━━━━━━━ 2/2 3.3it/s 0.6s1.2s
                   all         96       1953      0.568      0.552      0.613      0.356

      Epoch    GPU_mem   box_loss   cls_loss   dfl_loss  Instances       Size
[K      39/50      5.53G      1.049     0.6755     0.9572        659        640: 100% ━━━━━━━━━━━━ 15/15 3.5it/s 4.2s0.2s
[K                 Class     Images  Instances      Box(P          R      mAP50  mAP50-95): 100% ━━━━━━━━━━━━ 2/2 3.6it/s 0.6s1.1s
                   all         96       1953      0.801      0.482      0.577       0.33

      Epoch    GPU_mem   box_loss   cls_loss   dfl_loss  Instances       Size
[K      40/50      5.53G      1.059     0.6696     0.9535        645        640: 100% ━━━━━━━━━━━━ 15/15 3.5it/s 4.2s0.2s
[K                 Class     Images  Instances      Box(P          R      mAP50  mAP50-95): 100% ━━━━━━━━━━━━ 2/2 3.9it/s 0.5s1.2s
                   all         96       1953      0.742      0.516      0.598      0.336
Closing dataloader mosaic
[34m[1malbumentations: [0mBlur(p=0.01, blur_limit=(3, 7)), MedianBlur(p=0.01, blur_limit=(3, 7)), ToGray(p=0.01, method='weighted_average', num_output_channels=3), CLAHE(p=0.01, clip_limit=(1.0, 4.0), tile_grid_size=(8, 8))

      Epoch    GPU_mem   box_loss   cls_loss   dfl_loss  Instances       Size
[K      41/50      5.53G     0.9806     0.7014      0.925        320        640: 100% ━━━━━━━━━━━━ 15/15 2.4it/s 6.2s0.2s
[K                 Class     Images  Instances      Box(P          R      mAP50  mAP50-95): 100% ━━━━━━━━━━━━ 2/2 3.5it/s 0.6s1.3s
                   all         96       1953      0.608      0.527      0.586      0.318

      Epoch    GPU_mem   box_loss   cls_loss   dfl_loss  Instances       Size
[K      42/50      5.53G     0.9327     0.6189     0.9086        321        640: 100% ━━━━━━━━━━━━ 15/15 4.1it/s 3.7s0.2s
[K                 Class     Images  Instances      Box(P          R      mAP50  mAP50-95): 100% ━━━━━━━━━━━━ 2/2 3.3it/s 0.6s1.4s
                   all         96       1953      0.578      0.512      0.567      0.317

      Epoch    GPU_mem   box_loss   cls_loss   dfl_loss  Instances       Size
[K      43/50      5.53G     0.9084     0.5988     0.8999        315        640: 100% ━━━━━━━━━━━━ 15/15 4.1it/s 3.6s0.2s
[K                 Class     Images  Instances      Box(P          R      mAP50  mAP50-95): 100% ━━━━━━━━━━━━ 2/2 3.5it/s 0.6s1.1s
                   all         96       1953      0.591      0.546      0.616      0.344

      Epoch    GPU_mem   box_loss   cls_loss   dfl_loss  Instances       Size
[K      44/50      5.53G     0.9117     0.5888     0.8996        341        640: 100% ━━━━━━━━━━━━ 15/15 4.3it/s 3.5s0.2s
[K                 Class     Images  Instances      Box(P          R      mAP50  mAP50-95): 100% ━━━━━━━━━━━━ 2/2 3.4it/s 0.6s1.3s
                   all         96       1953      0.786      0.507      0.613      0.343

      Epoch    GPU_mem   box_loss   cls_loss   dfl_loss  Instances       Size
[K      45/50      5.53G     0.8942      0.578     0.8961        328        640: 100% ━━━━━━━━━━━━ 15/15 4.3it/s 3.5s0.2s
[K                 Class     Images  Instances      Box(P          R      mAP50  mAP50-95): 100% ━━━━━━━━━━━━ 2/2 3.5it/s 0.6s1.4s
                   all         96       1953      0.761      0.519      0.609       0.35

      Epoch    GPU_mem   box_loss   cls_loss   dfl_loss  Instances       Size
[K      46/50      5.53G     0.8921      0.576     0.8919        320        640: 100% ━━━━━━━━━━━━ 15/15 4.1it/s 3.6s0.2s
[K                 Class     Images  Instances      Box(P          R      mAP50  mAP50-95): 100% ━━━━━━━━━━━━ 2/2 3.5it/s 0.6s1.3s
                   all         96       1953      0.613      0.544      0.616      0.354

      Epoch    GPU_mem   box_loss   cls_loss   dfl_loss  Instances       Size
[K      47/50      5.53G     0.8713     0.5638      0.894        315        640: 100% ━━━━━━━━━━━━ 15/15 4.1it/s 3.6s0.2s
[K                 Class     Images  Instances      Box(P          R      mAP50  mAP50-95): 100% ━━━━━━━━━━━━ 2/2 3.2it/s 0.6s1.2s
                   all         96       1953      0.756      0.523      0.609      0.353

      Epoch    GPU_mem   box_loss   cls_loss   dfl_loss  Instances       Size
[K      48/50      5.53G      0.875     0.5607     0.8917        334        640: 100% ━━━━━━━━━━━━ 15/15 4.1it/s 3.6s0.2s
[K                 Class     Images  Instances      Box(P          R      mAP50  mAP50-95): 100% ━━━━━━━━━━━━ 2/2 3.2it/s 0.6s1.3s
                   all         96       1953      0.589      0.545      0.607      0.347

      Epoch    GPU_mem   box_loss   cls_loss   dfl_loss  Instances       Size
[K      49/50      5.53G     0.8777     0.5584     0.8891        318        640: 100% ━━━━━━━━━━━━ 15/15 4.0it/s 3.7s0.2s
[K                 Class     Images  Instances      Box(P          R      mAP50  mAP50-95): 100% ━━━━━━━━━━━━ 2/2 3.1it/s 0.7s1.1s
                   all         96       1953      0.667      0.524      0.617      0.354

      Epoch    GPU_mem   box_loss   cls_loss   dfl_loss  Instances       Size
[K      50/50      5.53G     0.8732     0.5609     0.8896        316        640: 100% ━━━━━━━━━━━━ 15/15 4.4it/s 3.4s0.2s
[K                 Class     Images  Instances      Box(P          R      mAP50  mAP50-95): 100% ━━━━━━━━━━━━ 2/2 3.3it/s 0.6s1.2s
                   all         96       1953      0.791      0.521      0.619      0.356

50 epochs completed in 0.076 hours.
Optimizer stripped from /kaggle/working/runs/detect/basketball_detection/yolov8n_player_detector/weights/last.pt, 6.2MB
Optimizer stripped from /kaggle/working/runs/detect/basketball_detection/yolov8n_player_detector/weights/best.pt, 6.2MB

Validating /kaggle/working/runs/detect/basketball_detection/yolov8n_player_detector/weights/best.pt...
Ultralytics 8.4.146 🚀 Python-3.12.13 torch-2.10.0+cu128 CUDA:0 (Tesla T4, 14912MiB)
Model summary (fused): 72 layers, 3,007,598 parameters, 0 gradients, 8.1 GFLOPs
[K                 Class     Images  Instances      Box(P          R      mAP50  mAP50-95): 100% ━━━━━━━━━━━━ 2/2 1.0it/s 1.9s1.8s
                   all         96       1953      0.793      0.519       0.62      0.356
                  ball         88         88      0.846      0.534      0.603      0.279
        ball-in-basket          9          9          1          0      0.109     0.0589
                number         96        522      0.627      0.755      0.742      0.285
                player         96        908      0.847      0.943      0.955      0.669
  player-in-possession         17         17      0.192      0.118      0.155     0.0912
      player-jump-shot         17         17          1      0.261      0.762      0.459
     player-shot-block          9          9      0.891      0.222       0.33      0.201
               referee         96        287      0.923       0.85      0.938      0.675
                   rim         96         96      0.811       0.99      0.984      0.488
Speed: 0.2ms preprocess, 6.1ms inference, 0.0ms loss, 2.2ms postprocess per image
Results saved to [1m/kaggle/working/runs/detect/basketball_detection/yolov8n_player_detector[0m
